[2020-08-08T16:14:59.869+0000][6][gc,heap] Heap region size: 1M
[2020-08-08T16:14:59.870+0000][6][gc,heap,coops] Heap address: 0x00000000e0000000, size: 512 MB, Compressed Oops mode: 32-bit
[2020-08-08T16:15:00.021+0000][6][gc           ] Using G1
[2020-08-08T16:15:00.022+0000][6][gc,cds       ] Mark closed archive regions in map: [0x00000000fff00000, 0x00000000fff7eff8]
[2020-08-08T16:15:00.022+0000][6][gc,cds       ] Mark open archive regions in map: [0x00000000ffe00000, 0x00000000ffe51ff8]
[2020-08-08T16:15:00.034+0000][6][gc           ] Periodic GC disabled
[2020-08-08T16:15:00.494+0000][6][safepoint    ] Safepoint "ICBufferFull", Time since last: 464773448 ns, Reaching safepoint: 138723 ns, At safepoint: 16651 ns, Total: 155374 ns
[2020-08-08T16:15:00.536+0000][6][gc,start     ] GC(0) Pause Young (Normal) (G1 Evacuation Pause)
[2020-08-08T16:15:00.538+0000][6][gc,task      ] GC(0) Using 3 workers of 3 for evacuation
[2020-08-08T16:15:00.538+0000][6][gc,age       ] GC(0) Desired survivor size 2097152 bytes, new threshold 15 (max threshold 15)
[2020-08-08T16:15:00.545+0000][6][gc,age       ] GC(0) Age table with threshold 15 (max threshold 15)
[2020-08-08T16:15:00.546+0000][6][gc,age       ] GC(0) - age   1:    3184024 bytes,    3184024 total
[2020-08-08T16:15:00.546+0000][6][gc,phases    ] GC(0)   Pre Evacuate Collection Set: 0.1ms
[2020-08-08T16:15:00.547+0000][6][gc,phases    ] GC(0)   Merge Heap Roots: 0.0ms
[2020-08-08T16:15:00.547+0000][6][gc,phases    ] GC(0)   Evacuate Collection Set: 3.7ms
[2020-08-08T16:15:00.548+0000][6][gc,phases    ] GC(0)   Post Evacuate Collection Set: 2.3ms
[2020-08-08T16:15:00.549+0000][6][gc,phases    ] GC(0)   Other: 4.4ms
[2020-08-08T16:15:00.549+0000][6][gc,heap      ] GC(0) Eden regions: 25->0(22)
[2020-08-08T16:15:00.550+0000][6][gc,heap      ] GC(0) Survivor regions: 0->4(4)
[2020-08-08T16:15:00.551+0000][6][gc,heap      ] GC(0) Old regions: 0->0
[2020-08-08T16:15:00.552+0000][6][gc,heap      ] GC(0) Archive regions: 2->2
[2020-08-08T16:15:00.552+0000][6][gc,heap      ] GC(0) Humongous regions: 1->1
[2020-08-08T16:15:00.552+0000][6][gc,metaspace ] GC(0) Metaspace: 7049K(8960K)->7049K(8960K) NonClass: 6245K(7936K)->6245K(7936K) Class: 804K(1024K)->804K(1024K)
[2020-08-08T16:15:00.553+0000][6][gc           ] GC(0) Pause Young (Normal) (G1 Evacuation Pause) 26M->4M(512M) 17.269ms
[2020-08-08T16:15:00.553+0000][6][gc,cpu       ] GC(0) User=0.01s Sys=0.01s Real=0.02s
[2020-08-08T16:15:00.553+0000][6][safepoint    ] Safepoint "G1CollectForAllocation", Time since last: 41546966 ns, Reaching safepoint: 36859 ns, At safepoint: 17878853 ns, Total: 17915712 ns
[2020-08-08T16:15:01.033+0000][6][gc,start     ] GC(1) Pause Young (Normal) (G1 Evacuation Pause)
[2020-08-08T16:15:01.033+0000][6][gc,task      ] GC(1) Using 3 workers of 3 for evacuation
[2020-08-08T16:15:01.034+0000][6][gc,age       ] GC(1) Desired survivor size 2097152 bytes, new threshold 1 (max threshold 15)
[2020-08-08T16:15:01.049+0000][6][gc,age       ] GC(1) Age table with threshold 1 (max threshold 15)
[2020-08-08T16:15:01.049+0000][6][gc,age       ] GC(1) - age   1:    1050768 bytes,    1050768 total
[2020-08-08T16:15:01.053+0000][6][gc,phases    ] GC(1)   Pre Evacuate Collection Set: 0.2ms
[2020-08-08T16:15:01.053+0000][6][gc,phases    ] GC(1)   Merge Heap Roots: 0.2ms
[2020-08-08T16:15:01.053+0000][6][gc,phases    ] GC(1)   Evacuate Collection Set: 7.7ms
[2020-08-08T16:15:01.054+0000][6][gc,phases    ] GC(1)   Post Evacuate Collection Set: 7.0ms
[2020-08-08T16:15:01.054+0000][6][gc,phases    ] GC(1)   Other: 5.0ms
[2020-08-08T16:15:01.054+0000][6][gc,heap      ] GC(1) Eden regions: 22->0(28)
[2020-08-08T16:15:01.054+0000][6][gc,heap      ] GC(1) Survivor regions: 4->2(4)
[2020-08-08T16:15:01.054+0000][6][gc,heap      ] GC(1) Old regions: 0->3
[2020-08-08T16:15:01.054+0000][6][gc,heap      ] GC(1) Archive regions: 2->2
[2020-08-08T16:15:01.055+0000][6][gc,heap      ] GC(1) Humongous regions: 1->1
[2020-08-08T16:15:01.055+0000][6][gc,metaspace ] GC(1) Metaspace: 11136K(11648K)->11136K(11648K) NonClass: 9752K(9984K)->9752K(9984K) Class: 1383K(1664K)->1383K(1664K)
[2020-08-08T16:15:01.055+0000][6][gc           ] GC(1) Pause Young (Normal) (G1 Evacuation Pause) 26M->6M(512M) 22.026ms
[2020-08-08T16:15:01.055+0000][6][gc,cpu       ] GC(1) User=0.01s Sys=0.00s Real=0.02s
[2020-08-08T16:15:01.055+0000][6][safepoint    ] Safepoint "G1CollectForAllocation", Time since last: 479201903 ns, Reaching safepoint: 178635 ns, At safepoint: 22367493 ns, Total: 22546128 ns
[2020-08-08T16:15:01.453+0000][6][gc,start     ] GC(2) Pause Young (Normal) (G1 Evacuation Pause)
[2020-08-08T16:15:01.453+0000][6][gc,task      ] GC(2) Using 3 workers of 3 for evacuation
[2020-08-08T16:15:01.453+0000][6][gc,age       ] GC(2) Desired survivor size 2097152 bytes, new threshold 15 (max threshold 15)
[2020-08-08T16:15:01.460+0000][6][gc,age       ] GC(2) Age table with threshold 15 (max threshold 15)
[2020-08-08T16:15:01.461+0000][6][gc,age       ] GC(2) - age   1:    2057792 bytes,    2057792 total
[2020-08-08T16:15:01.461+0000][6][gc,age       ] GC(2) - age   2:    1001648 bytes,    3059440 total
[2020-08-08T16:15:01.461+0000][6][gc,phases    ] GC(2)   Pre Evacuate Collection Set: 0.1ms
[2020-08-08T16:15:01.462+0000][6][gc,phases    ] GC(2)   Merge Heap Roots: 0.1ms
[2020-08-08T16:15:01.462+0000][6][gc,phases    ] GC(2)   Evacuate Collection Set: 5.2ms
[2020-08-08T16:15:01.462+0000][6][gc,phases    ] GC(2)   Post Evacuate Collection Set: 1.3ms
[2020-08-08T16:15:01.463+0000][6][gc,phases    ] GC(2)   Other: 2.0ms
[2020-08-08T16:15:01.463+0000][6][gc,heap      ] GC(2) Eden regions: 28->0(62)
[2020-08-08T16:15:01.463+0000][6][gc,heap      ] GC(2) Survivor regions: 2->4(4)
[2020-08-08T16:15:01.463+0000][6][gc,heap      ] GC(2) Old regions: 3->3
[2020-08-08T16:15:01.463+0000][6][gc,heap      ] GC(2) Archive regions: 2->2
[2020-08-08T16:15:01.464+0000][6][gc,heap      ] GC(2) Humongous regions: 1->1
[2020-08-08T16:15:01.464+0000][6][gc,metaspace ] GC(2) Metaspace: 13594K(14208K)->13594K(14208K) NonClass: 11947K(12288K)->11947K(12288K) Class: 1646K(1920K)->1646K(1920K)
[2020-08-08T16:15:01.464+0000][6][gc           ] GC(2) Pause Young (Normal) (G1 Evacuation Pause) 34M->7M(512M) 11.384ms
[2020-08-08T16:15:01.466+0000][6][gc,cpu       ] GC(2) User=0.01s Sys=0.00s Real=0.01s
[2020-08-08T16:15:01.466+0000][6][safepoint    ] Safepoint "G1CollectForAllocation", Time since last: 397192159 ns, Reaching safepoint: 98131 ns, At safepoint: 13539413 ns, Total: 13637544 ns
[2020-08-08T16:15:01.469+0000][6][safepoint    ] Safepoint "BulkRevokeBias", Time since last: 1903340 ns, Reaching safepoint: 283929 ns, At safepoint: 342095 ns, Total: 626024 ns
[2020-08-08T16:15:01.774+0000][6][gc,start     ] GC(3) Pause Young (Normal) (G1 Evacuation Pause)
[2020-08-08T16:15:01.774+0000][6][gc,task      ] GC(3) Using 3 workers of 3 for evacuation
[2020-08-08T16:15:01.774+0000][6][gc,age       ] GC(3) Desired survivor size 4718592 bytes, new threshold 15 (max threshold 15)
[2020-08-08T16:15:01.778+0000][6][gc,age       ] GC(3) Age table with threshold 15 (max threshold 15)
[2020-08-08T16:15:01.779+0000][6][gc,age       ] GC(3) - age   1:    2220088 bytes,    2220088 total
[2020-08-08T16:15:01.779+0000][6][gc,age       ] GC(3) - age   2:    1998512 bytes,    4218600 total
[2020-08-08T16:15:01.779+0000][6][gc,age       ] GC(3) - age   3:     981776 bytes,    5200376 total
[2020-08-08T16:15:01.780+0000][6][gc,phases    ] GC(3)   Pre Evacuate Collection Set: 0.1ms
[2020-08-08T16:15:01.780+0000][6][gc,phases    ] GC(3)   Merge Heap Roots: 0.1ms
[2020-08-08T16:15:01.780+0000][6][gc,phases    ] GC(3)   Evacuate Collection Set: 2.8ms
[2020-08-08T16:15:01.780+0000][6][gc,phases    ] GC(3)   Post Evacuate Collection Set: 0.7ms
[2020-08-08T16:15:01.780+0000][6][gc,phases    ] GC(3)   Other: 2.1ms
[2020-08-08T16:15:01.780+0000][6][gc,heap      ] GC(3) Eden regions: 62->0(103)
[2020-08-08T16:15:01.780+0000][6][gc,heap      ] GC(3) Survivor regions: 4->6(9)
[2020-08-08T16:15:01.780+0000][6][gc,heap      ] GC(3) Old regions: 3->3
[2020-08-08T16:15:01.781+0000][6][gc,heap      ] GC(3) Archive regions: 2->2
[2020-08-08T16:15:01.781+0000][6][gc,heap      ] GC(3) Humongous regions: 2->1
[2020-08-08T16:15:01.781+0000][6][gc,metaspace ] GC(3) Metaspace: 15582K(16384K)->15582K(16384K) NonClass: 13654K(14080K)->13654K(14080K) Class: 1927K(2304K)->1927K(2304K)
[2020-08-08T16:15:01.781+0000][6][gc           ] GC(3) Pause Young (Normal) (G1 Evacuation Pause) 70M->10M(512M) 7.112ms
[2020-08-08T16:15:01.781+0000][6][gc,cpu       ] GC(3) User=0.01s Sys=0.00s Real=0.01s
[2020-08-08T16:15:01.781+0000][6][safepoint    ] Safepoint "G1CollectForAllocation", Time since last: 304958964 ns, Reaching safepoint: 176024 ns, At safepoint: 7365265 ns, Total: 7541289 ns
[2020-08-08T16:15:01.782+0000][6][safepoint    ] Safepoint "BulkRevokeBias", Time since last: 888521 ns, Reaching safepoint: 45244 ns, At safepoint: 34906 ns, Total: 80150 ns
[2020-08-08T16:15:01.783+0000][6][safepoint    ] Safepoint "BulkRevokeBias", Time since last: 252340 ns, Reaching safepoint: 153427 ns, At safepoint: 36695 ns, Total: 190122 ns
[2020-08-08T16:15:02.149+0000][6][gc,start     ] GC(4) Pause Young (Normal) (G1 Evacuation Pause)
[2020-08-08T16:15:02.149+0000][6][gc,task      ] GC(4) Using 3 workers of 3 for evacuation
[2020-08-08T16:15:02.149+0000][6][gc,age       ] GC(4) Desired survivor size 7340032 bytes, new threshold 15 (max threshold 15)
[2020-08-08T16:15:02.155+0000][6][gc,age       ] GC(4) Age table with threshold 15 (max threshold 15)
[2020-08-08T16:15:02.155+0000][6][gc,age       ] GC(4) - age   1:    2219744 bytes,    2219744 total
[2020-08-08T16:15:02.155+0000][6][gc,age       ] GC(4) - age   2:    1564696 bytes,    3784440 total
[2020-08-08T16:15:02.156+0000][6][gc,age       ] GC(4) - age   3:    1998360 bytes,    5782800 total
[2020-08-08T16:15:02.156+0000][6][gc,age       ] GC(4) - age   4:     981632 bytes,    6764432 total
[2020-08-08T16:15:02.156+0000][6][gc,phases    ] GC(4)   Pre Evacuate Collection Set: 0.2ms
[2020-08-08T16:15:02.157+0000][6][gc,phases    ] GC(4)   Merge Heap Roots: 0.1ms
[2020-08-08T16:15:02.157+0000][6][gc,phases    ] GC(4)   Evacuate Collection Set: 3.1ms
[2020-08-08T16:15:02.158+0000][6][gc,phases    ] GC(4)   Post Evacuate Collection Set: 1.5ms
[2020-08-08T16:15:02.158+0000][6][gc,phases    ] GC(4)   Other: 2.3ms
[2020-08-08T16:15:02.158+0000][6][gc,heap      ] GC(4) Eden regions: 103->0(300)
[2020-08-08T16:15:02.159+0000][6][gc,heap      ] GC(4) Survivor regions: 6->7(14)
[2020-08-08T16:15:02.159+0000][6][gc,heap      ] GC(4) Old regions: 3->3
[2020-08-08T16:15:02.160+0000][6][gc,heap      ] GC(4) Archive regions: 2->2
[2020-08-08T16:15:02.160+0000][6][gc,heap      ] GC(4) Humongous regions: 1->1
[2020-08-08T16:15:02.160+0000][6][gc,metaspace ] GC(4) Metaspace: 17185K(18048K)->17185K(18048K) NonClass: 15074K(15616K)->15074K(15616K) Class: 2110K(2432K)->2110K(2432K)
[2020-08-08T16:15:02.160+0000][6][gc           ] GC(4) Pause Young (Normal) (G1 Evacuation Pause) 113M->11M(512M) 11.374ms
[2020-08-08T16:15:02.161+0000][6][gc,cpu       ] GC(4) User=0.01s Sys=0.01s Real=0.02s
[2020-08-08T16:15:02.161+0000][6][safepoint    ] Safepoint "G1CollectForAllocation", Time since last: 366410441 ns, Reaching safepoint: 144815 ns, At safepoint: 11936764 ns, Total: 12081579 ns
[2020-08-08T16:15:02.649+0000][6][gc,start     ] GC(5) Pause Young (Normal) (G1 Evacuation Pause)
[2020-08-08T16:15:02.649+0000][6][gc,task      ] GC(5) Using 3 workers of 3 for evacuation
[2020-08-08T16:15:02.650+0000][6][gc,age       ] GC(5) Desired survivor size 20447232 bytes, new threshold 15 (max threshold 15)
[2020-08-08T16:15:02.659+0000][6][gc,age       ] GC(5) Age table with threshold 15 (max threshold 15)
[2020-08-08T16:15:02.659+0000][6][gc,age       ] GC(5) - age   1:    5201576 bytes,    5201576 total
[2020-08-08T16:15:02.660+0000][6][gc,age       ] GC(5) - age   2:    1664816 bytes,    6866392 total
[2020-08-08T16:15:02.660+0000][6][gc,age       ] GC(5) - age   3:    1564104 bytes,    8430496 total
[2020-08-08T16:15:02.661+0000][6][gc,age       ] GC(5) - age   4:    1998360 bytes,   10428856 total
[2020-08-08T16:15:02.661+0000][6][gc,age       ] GC(5) - age   5:     981632 bytes,   11410488 total
[2020-08-08T16:15:02.662+0000][6][gc,phases    ] GC(5)   Pre Evacuate Collection Set: 0.1ms
[2020-08-08T16:15:02.662+0000][6][gc,phases    ] GC(5)   Merge Heap Roots: 0.0ms
[2020-08-08T16:15:02.662+0000][6][gc,phases    ] GC(5)   Evacuate Collection Set: 7.7ms
[2020-08-08T16:15:02.662+0000][6][gc,phases    ] GC(5)   Post Evacuate Collection Set: 1.2ms
[2020-08-08T16:15:02.663+0000][6][gc,phases    ] GC(5)   Other: 3.8ms
[2020-08-08T16:15:02.664+0000][6][gc,heap      ] GC(5) Eden regions: 300->0(295)
[2020-08-08T16:15:02.664+0000][6][gc,heap      ] GC(5) Survivor regions: 7->12(39)
[2020-08-08T16:15:02.664+0000][6][gc,heap      ] GC(5) Old regions: 3->3
[2020-08-08T16:15:02.665+0000][6][gc,heap      ] GC(5) Archive regions: 2->2
[2020-08-08T16:15:02.665+0000][6][gc,heap      ] GC(5) Humongous regions: 1->1
[2020-08-08T16:15:02.665+0000][6][gc,metaspace ] GC(5) Metaspace: 18418K(19840K)->18418K(19840K) NonClass: 16128K(17152K)->16128K(17152K) Class: 2289K(2688K)->2289K(2688K)
[2020-08-08T16:15:02.666+0000][6][gc           ] GC(5) Pause Young (Normal) (G1 Evacuation Pause) 311M->16M(512M) 16.854ms
[2020-08-08T16:15:02.666+0000][6][gc,cpu       ] GC(5) User=0.02s Sys=0.00s Real=0.02s
[2020-08-08T16:15:02.666+0000][6][safepoint    ] Safepoint "G1CollectForAllocation", Time since last: 487627733 ns, Reaching safepoint: 132674 ns, At safepoint: 17281372 ns, Total: 17414046 ns
[2020-08-08T16:15:02.667+0000][6][safepoint    ] Safepoint "BulkRevokeBias", Time since last: 260320 ns, Reaching safepoint: 176470 ns, At safepoint: 54313 ns, Total: 230783 ns
[2020-08-08T16:15:02.710+0000][6][safepoint    ] Safepoint "BulkRevokeBias", Time since last: 43201596 ns, Reaching safepoint: 152069 ns, At safepoint: 38451 ns, Total: 190520 ns
[2020-08-08T16:15:02.710+0000][6][safepoint    ] Safepoint "BulkRevokeBias", Time since last: 389475 ns, Reaching safepoint: 101609 ns, At safepoint: 29603 ns, Total: 131212 ns
[2020-08-08T16:15:03.205+0000][6][gc,start     ] GC(6) Pause Young (Normal) (G1 Evacuation Pause)
[2020-08-08T16:15:03.205+0000][6][gc,task      ] GC(6) Using 3 workers of 3 for evacuation
[2020-08-08T16:15:03.205+0000][6][gc,age       ] GC(6) Desired survivor size 20447232 bytes, new threshold 15 (max threshold 15)
[2020-08-08T16:15:03.214+0000][6][gc,age       ] GC(6) Age table with threshold 15 (max threshold 15)
[2020-08-08T16:15:03.214+0000][6][gc,age       ] GC(6) - age   1:    2524048 bytes,    2524048 total
[2020-08-08T16:15:03.214+0000][6][gc,age       ] GC(6) - age   2:    4368256 bytes,    6892304 total
[2020-08-08T16:15:03.214+0000][6][gc,age       ] GC(6) - age   3:    1664480 bytes,    8556784 total
[2020-08-08T16:15:03.215+0000][6][gc,age       ] GC(6) - age   4:    1563032 bytes,   10119816 total
[2020-08-08T16:15:03.215+0000][6][gc,age       ] GC(6) - age   5:    1998360 bytes,   12118176 total
[2020-08-08T16:15:03.215+0000][6][gc,age       ] GC(6) - age   6:     981376 bytes,   13099552 total
[2020-08-08T16:15:03.215+0000][6][gc,phases    ] GC(6)   Pre Evacuate Collection Set: 0.1ms
[2020-08-08T16:15:03.215+0000][6][gc,phases    ] GC(6)   Merge Heap Roots: 1.1ms
[2020-08-08T16:15:03.215+0000][6][gc,phases    ] GC(6)   Evacuate Collection Set: 6.4ms
[2020-08-08T16:15:03.215+0000][6][gc,phases    ] GC(6)   Post Evacuate Collection Set: 0.6ms
[2020-08-08T16:15:03.216+0000][6][gc,phases    ] GC(6)   Other: 2.1ms
[2020-08-08T16:15:03.216+0000][6][gc,heap      ] GC(6) Eden regions: 295->0(294)
[2020-08-08T16:15:03.216+0000][6][gc,heap      ] GC(6) Survivor regions: 12->13(39)
[2020-08-08T16:15:03.216+0000][6][gc,heap      ] GC(6) Old regions: 3->3
[2020-08-08T16:15:03.216+0000][6][gc,heap      ] GC(6) Archive regions: 2->2
[2020-08-08T16:15:03.216+0000][6][gc,heap      ] GC(6) Humongous regions: 1->1
[2020-08-08T16:15:03.216+0000][6][gc,metaspace ] GC(6) Metaspace: 19763K(21248K)->19763K(21248K) NonClass: 17334K(18432K)->17334K(18432K) Class: 2429K(2816K)->2429K(2816K)
[2020-08-08T16:15:03.216+0000][6][gc           ] GC(6) Pause Young (Normal) (G1 Evacuation Pause) 311M->17M(512M) 11.517ms
[2020-08-08T16:15:03.216+0000][6][gc,cpu       ] GC(6) User=0.02s Sys=0.00s Real=0.01s
[2020-08-08T16:15:03.217+0000][6][safepoint    ] Safepoint "G1CollectForAllocation", Time since last: 494176581 ns, Reaching safepoint: 135751 ns, At safepoint: 11792512 ns, Total: 11928263 ns
[2020-08-08T16:15:03.302+0000][6][gc,start     ] GC(7) Pause Young (Concurrent Start) (Metadata GC Threshold)
[2020-08-08T16:15:03.302+0000][6][gc,task      ] GC(7) Using 3 workers of 3 for evacuation
[2020-08-08T16:15:03.303+0000][6][gc,age       ] GC(7) Desired survivor size 20447232 bytes, new threshold 15 (max threshold 15)
[2020-08-08T16:15:03.312+0000][6][gc,age       ] GC(7) Age table with threshold 15 (max threshold 15)
[2020-08-08T16:15:03.312+0000][6][gc,age       ] GC(7) - age   1:     189856 bytes,     189856 total
[2020-08-08T16:15:03.313+0000][6][gc,age       ] GC(7) - age   2:    2484920 bytes,    2674776 total
[2020-08-08T16:15:03.313+0000][6][gc,age       ] GC(7) - age   3:    4368256 bytes,    7043032 total
[2020-08-08T16:15:03.313+0000][6][gc,age       ] GC(7) - age   4:    1664480 bytes,    8707512 total
[2020-08-08T16:15:03.313+0000][6][gc,age       ] GC(7) - age   5:    1563032 bytes,   10270544 total
[2020-08-08T16:15:03.313+0000][6][gc,age       ] GC(7) - age   6:    1998360 bytes,   12268904 total
[2020-08-08T16:15:03.313+0000][6][gc,age       ] GC(7) - age   7:     981376 bytes,   13250280 total
[2020-08-08T16:15:03.314+0000][6][gc,phases    ] GC(7)   Pre Evacuate Collection Set: 0.1ms
[2020-08-08T16:15:03.314+0000][6][gc,phases    ] GC(7)   Merge Heap Roots: 0.1ms
[2020-08-08T16:15:03.314+0000][6][gc,phases    ] GC(7)   Evacuate Collection Set: 8.7ms
[2020-08-08T16:15:03.314+0000][6][gc,phases    ] GC(7)   Post Evacuate Collection Set: 0.6ms
[2020-08-08T16:15:03.314+0000][6][gc,phases    ] GC(7)   Other: 2.1ms
[2020-08-08T16:15:03.314+0000][6][gc,heap      ] GC(7) Eden regions: 88->0(293)
[2020-08-08T16:15:03.314+0000][6][gc,heap      ] GC(7) Survivor regions: 13->14(39)
[2020-08-08T16:15:03.314+0000][6][gc,heap      ] GC(7) Old regions: 3->3
[2020-08-08T16:15:03.315+0000][6][gc,heap      ] GC(7) Archive regions: 2->2
[2020-08-08T16:15:03.315+0000][6][gc,heap      ] GC(7) Humongous regions: 1->1
[2020-08-08T16:15:03.315+0000][6][gc,metaspace ] GC(7) Metaspace: 19781K(21248K)->19781K(21248K) NonClass: 17349K(18432K)->17349K(18432K) Class: 2432K(2816K)->2432K(2816K)
[2020-08-08T16:15:03.315+0000][6][gc           ] GC(7) Pause Young (Concurrent Start) (Metadata GC Threshold) 105M->18M(512M) 12.805ms
[2020-08-08T16:15:03.315+0000][6][gc,cpu       ] GC(7) User=0.02s Sys=0.00s Real=0.01s
[2020-08-08T16:15:03.315+0000][6][gc           ] GC(8) Concurrent Cycle
[2020-08-08T16:15:03.315+0000][6][gc,marking   ] GC(8) Concurrent Clear Claimed Marks
[2020-08-08T16:15:03.315+0000][6][safepoint    ] Safepoint "CollectForMetadataAllocation", Time since last: 85359877 ns, Reaching safepoint: 155367 ns, At safepoint: 13342954 ns, Total: 13498321 ns
[2020-08-08T16:15:03.316+0000][6][gc,marking   ] GC(8) Concurrent Clear Claimed Marks 0.203ms
[2020-08-08T16:15:03.316+0000][6][gc,marking   ] GC(8) Concurrent Scan Root Regions
[2020-08-08T16:15:03.319+0000][6][gc,marking   ] GC(8) Concurrent Scan Root Regions 3.182ms
[2020-08-08T16:15:03.319+0000][6][gc,marking   ] GC(8) Concurrent Mark (3.459s)
[2020-08-08T16:15:03.319+0000][6][gc,marking   ] GC(8) Concurrent Mark From Roots
[2020-08-08T16:15:03.319+0000][6][gc,task      ] GC(8) Using 1 workers of 1 for marking
[2020-08-08T16:15:03.323+0000][6][gc,marking   ] GC(8) Concurrent Mark From Roots 3.877ms
[2020-08-08T16:15:03.323+0000][6][gc,marking   ] GC(8) Concurrent Preclean
[2020-08-08T16:15:03.324+0000][6][gc,marking   ] GC(8) Concurrent Preclean 0.252ms
[2020-08-08T16:15:03.324+0000][6][gc,marking   ] GC(8) Concurrent Mark (3.459s, 3.464s) 4.732ms
[2020-08-08T16:15:03.324+0000][6][gc,start     ] GC(8) Pause Remark
[2020-08-08T16:15:03.327+0000][6][gc           ] GC(8) Pause Remark 18M->18M(512M) 2.356ms
[2020-08-08T16:15:03.327+0000][6][gc,cpu       ] GC(8) User=0.01s Sys=0.00s Real=0.00s
[2020-08-08T16:15:03.327+0000][6][safepoint    ] Safepoint "G1Concurrent", Time since last: 8711060 ns, Reaching safepoint: 45451 ns, At safepoint: 2676335 ns, Total: 2721786 ns
[2020-08-08T16:15:03.327+0000][6][gc,marking   ] GC(8) Concurrent Rebuild Remembered Sets
[2020-08-08T16:15:03.329+0000][6][gc,marking   ] GC(8) Concurrent Rebuild Remembered Sets 2.066ms
[2020-08-08T16:15:03.330+0000][6][gc,start     ] GC(8) Pause Cleanup
[2020-08-08T16:15:03.330+0000][6][gc           ] GC(8) Pause Cleanup 18M->18M(512M) 0.263ms
[2020-08-08T16:15:03.330+0000][6][gc,cpu       ] GC(8) User=0.00s Sys=0.00s Real=0.00s
[2020-08-08T16:15:03.330+0000][6][safepoint    ] Safepoint "G1Concurrent", Time since last: 2554721 ns, Reaching safepoint: 349659 ns, At safepoint: 591126 ns, Total: 940785 ns
[2020-08-08T16:15:03.330+0000][6][gc,marking   ] GC(8) Concurrent Cleanup for Next Mark
[2020-08-08T16:15:03.332+0000][6][gc,marking   ] GC(8) Concurrent Cleanup for Next Mark 1.025ms
[2020-08-08T16:15:03.332+0000][6][gc           ] GC(8) Concurrent Cycle 16.509ms
[2020-08-08T16:15:04.257+0000][6][gc,start     ] GC(9) Pause Young (Normal) (G1 Evacuation Pause)
[2020-08-08T16:15:04.257+0000][6][gc,task      ] GC(9) Using 3 workers of 3 for evacuation
[2020-08-08T16:15:04.258+0000][6][gc,age       ] GC(9) Desired survivor size 20447232 bytes, new threshold 15 (max threshold 15)
[2020-08-08T16:15:04.267+0000][6][gc,age       ] GC(9) Age table with threshold 15 (max threshold 15)
[2020-08-08T16:15:04.267+0000][6][gc,age       ] GC(9) - age   1:    3456032 bytes,    3456032 total
[2020-08-08T16:15:04.268+0000][6][gc,age       ] GC(9) - age   2:     143792 bytes,    3599824 total
[2020-08-08T16:15:04.268+0000][6][gc,age       ] GC(9) - age   3:    2469008 bytes,    6068832 total
[2020-08-08T16:15:04.268+0000][6][gc,age       ] GC(9) - age   4:    4339488 bytes,   10408320 total
[2020-08-08T16:15:04.268+0000][6][gc,age       ] GC(9) - age   5:    1657080 bytes,   12065400 total
[2020-08-08T16:15:04.268+0000][6][gc,age       ] GC(9) - age   6:    1521152 bytes,   13586552 total
[2020-08-08T16:15:04.269+0000][6][gc,age       ] GC(9) - age   7:    1974816 bytes,   15561368 total
[2020-08-08T16:15:04.269+0000][6][gc,age       ] GC(9) - age   8:     970520 bytes,   16531888 total
[2020-08-08T16:15:04.269+0000][6][gc,phases    ] GC(9)   Pre Evacuate Collection Set: 0.1ms
[2020-08-08T16:15:04.269+0000][6][gc,phases    ] GC(9)   Merge Heap Roots: 0.0ms
[2020-08-08T16:15:04.269+0000][6][gc,phases    ] GC(9)   Evacuate Collection Set: 8.1ms
[2020-08-08T16:15:04.269+0000][6][gc,phases    ] GC(9)   Post Evacuate Collection Set: 1.0ms
[2020-08-08T16:15:04.269+0000][6][gc,phases    ] GC(9)   Other: 2.4ms
[2020-08-08T16:15:04.270+0000][6][gc,heap      ] GC(9) Eden regions: 293->0(290)
[2020-08-08T16:15:04.270+0000][6][gc,heap      ] GC(9) Survivor regions: 14->17(39)
[2020-08-08T16:15:04.270+0000][6][gc,heap      ] GC(9) Old regions: 3->3
[2020-08-08T16:15:04.270+0000][6][gc,heap      ] GC(9) Archive regions: 2->2
[2020-08-08T16:15:04.270+0000][6][gc,heap      ] GC(9) Humongous regions: 1->1
[2020-08-08T16:15:04.270+0000][6][gc,metaspace ] GC(9) Metaspace: 27124K(29696K)->27124K(29696K) NonClass: 23667K(25600K)->23667K(25600K) Class: 3456K(4096K)->3456K(4096K)
[2020-08-08T16:15:04.271+0000][6][gc           ] GC(9) Pause Young (Normal) (G1 Evacuation Pause) 311M->21M(512M) 13.345ms
[2020-08-08T16:15:04.271+0000][6][gc,cpu       ] GC(9) User=0.02s Sys=0.00s Real=0.02s
[2020-08-08T16:15:04.271+0000][6][safepoint    ] Safepoint "G1CollectForAllocation", Time since last: 926466311 ns, Reaching safepoint: 346167 ns, At safepoint: 13748861 ns, Total: 14095028 ns
[2020-08-08T16:15:05.269+0000][6][safepoint    ] Safepoint "ICBufferFull", Time since last: 997673006 ns, Reaching safepoint: 383756 ns, At safepoint: 18808 ns, Total: 402564 ns
[2020-08-08T16:15:05.622+0000][6][gc,start     ] GC(10) Pause Young (Concurrent Start) (Metadata GC Threshold)
[2020-08-08T16:15:05.622+0000][6][gc,task      ] GC(10) Using 3 workers of 3 for evacuation
[2020-08-08T16:15:05.622+0000][6][gc,age       ] GC(10) Desired survivor size 20447232 bytes, new threshold 15 (max threshold 15)
[2020-08-08T16:15:05.661+0000][6][gc,age       ] GC(10) Age table with threshold 15 (max threshold 15)
[2020-08-08T16:15:05.661+0000][6][gc,age       ] GC(10) - age   1:   24493760 bytes,   24493760 total
[2020-08-08T16:15:05.661+0000][6][gc,age       ] GC(10) - age   2:    3177256 bytes,   27671016 total
[2020-08-08T16:15:05.662+0000][6][gc,age       ] GC(10) - age   3:     143792 bytes,   27814808 total
[2020-08-08T16:15:05.662+0000][6][gc,age       ] GC(10) - age   4:    2462696 bytes,   30277504 total
[2020-08-08T16:15:05.662+0000][6][gc,age       ] GC(10) - age   5:    4336448 bytes,   34613952 total
[2020-08-08T16:15:05.662+0000][6][gc,age       ] GC(10) - age   6:    1656664 bytes,   36270616 total
[2020-08-08T16:15:05.662+0000][6][gc,age       ] GC(10) - age   7:    1510384 bytes,   37781000 total
[2020-08-08T16:15:05.662+0000][6][gc,age       ] GC(10) - age   8:    1973344 bytes,   39754344 total
[2020-08-08T16:15:05.663+0000][6][gc,age       ] GC(10) - age   9:     969704 bytes,   40724048 total
[2020-08-08T16:15:05.663+0000][6][gc,phases    ] GC(10)   Pre Evacuate Collection Set: 0.2ms
[2020-08-08T16:15:05.663+0000][6][gc,phases    ] GC(10)   Merge Heap Roots: 0.0ms
[2020-08-08T16:15:05.663+0000][6][gc,phases    ] GC(10)   Evacuate Collection Set: 34.8ms
[2020-08-08T16:15:05.663+0000][6][gc,phases    ] GC(10)   Post Evacuate Collection Set: 3.2ms
[2020-08-08T16:15:05.663+0000][6][gc,phases    ] GC(10)   Other: 2.6ms
[2020-08-08T16:15:05.663+0000][6][gc,heap      ] GC(10) Eden regions: 223->0(268)
[2020-08-08T16:15:05.664+0000][6][gc,heap      ] GC(10) Survivor regions: 17->39(39)
[2020-08-08T16:15:05.664+0000][6][gc,heap      ] GC(10) Old regions: 3->5
[2020-08-08T16:15:05.664+0000][6][gc,heap      ] GC(10) Archive regions: 2->2
[2020-08-08T16:15:05.664+0000][6][gc,heap      ] GC(10) Humongous regions: 1->1
[2020-08-08T16:15:05.664+0000][6][gc,metaspace ] GC(10) Metaspace: 32563K(35840K)->32563K(35840K) NonClass: 28273K(30592K)->28273K(30592K) Class: 4289K(5248K)->4289K(5248K)
[2020-08-08T16:15:05.665+0000][6][gc           ] GC(10) Pause Young (Concurrent Start) (Metadata GC Threshold) 243M->45M(512M) 42.708ms
[2020-08-08T16:15:05.665+0000][6][gc,cpu       ] GC(10) User=0.09s Sys=0.00s Real=0.04s
[2020-08-08T16:15:05.665+0000][6][safepoint    ] Safepoint "CollectForMetadataAllocation", Time since last: 352870863 ns, Reaching safepoint: 91069 ns, At safepoint: 43145951 ns, Total: 43237020 ns
[2020-08-08T16:15:05.665+0000][6][gc           ] GC(11) Concurrent Cycle
[2020-08-08T16:15:05.670+0000][6][gc,marking   ] GC(11) Concurrent Clear Claimed Marks
[2020-08-08T16:15:05.672+0000][6][gc,marking   ] GC(11) Concurrent Clear Claimed Marks 2.209ms
[2020-08-08T16:15:05.672+0000][6][gc,marking   ] GC(11) Concurrent Scan Root Regions
[2020-08-08T16:15:05.675+0000][6][safepoint    ] Safepoint "CollectForMetadataAllocation", Time since last: 9138556 ns, Reaching safepoint: 721591 ns, At safepoint: 114722 ns, Total: 836313 ns
[2020-08-08T16:15:05.695+0000][6][safepoint    ] Safepoint "CollectForMetadataAllocation", Time since last: 19519989 ns, Reaching safepoint: 325761 ns, At safepoint: 84198 ns, Total: 409959 ns
[2020-08-08T16:15:05.705+0000][6][gc,marking   ] GC(11) Concurrent Scan Root Regions 32.567ms
[2020-08-08T16:15:05.706+0000][6][gc,marking   ] GC(11) Concurrent Mark (5.846s)
[2020-08-08T16:15:05.706+0000][6][gc,marking   ] GC(11) Concurrent Mark From Roots
[2020-08-08T16:15:05.706+0000][6][gc,task      ] GC(11) Using 1 workers of 1 for marking
[2020-08-08T16:15:05.708+0000][6][safepoint    ] Safepoint "CollectForMetadataAllocation", Time since last: 12444556 ns, Reaching safepoint: 123824 ns, At safepoint: 125532 ns, Total: 249356 ns
[2020-08-08T16:15:05.711+0000][6][gc,marking   ] GC(11) Concurrent Mark From Roots 5.230ms
[2020-08-08T16:15:05.712+0000][6][gc,marking   ] GC(11) Concurrent Preclean
[2020-08-08T16:15:05.712+0000][6][gc,marking   ] GC(11) Concurrent Preclean 0.223ms
[2020-08-08T16:15:05.712+0000][6][gc,marking   ] GC(11) Concurrent Mark (5.846s, 5.852s) 6.078ms
[2020-08-08T16:15:05.712+0000][6][gc,start     ] GC(11) Pause Remark
[2020-08-08T16:15:05.715+0000][6][gc           ] GC(11) Pause Remark 50M->50M(512M) 2.794ms
[2020-08-08T16:15:05.715+0000][6][gc,cpu       ] GC(11) User=0.01s Sys=0.00s Real=0.00s
[2020-08-08T16:15:05.715+0000][6][safepoint    ] Safepoint "G1Concurrent", Time since last: 4417335 ns, Reaching safepoint: 158041 ns, At safepoint: 3249340 ns, Total: 3407381 ns
[2020-08-08T16:15:05.716+0000][6][gc,marking   ] GC(11) Concurrent Rebuild Remembered Sets
[2020-08-08T16:15:05.723+0000][6][gc,marking   ] GC(11) Concurrent Rebuild Remembered Sets 7.493ms
[2020-08-08T16:15:05.724+0000][6][gc,start     ] GC(11) Pause Cleanup
[2020-08-08T16:15:05.725+0000][6][gc           ] GC(11) Pause Cleanup 51M->51M(512M) 0.369ms
[2020-08-08T16:15:05.725+0000][6][gc,cpu       ] GC(11) User=0.00s Sys=0.00s Real=0.00s
[2020-08-08T16:15:05.725+0000][6][safepoint    ] Safepoint "G1Concurrent", Time since last: 7993117 ns, Reaching safepoint: 674018 ns, At safepoint: 826191 ns, Total: 1500209 ns
[2020-08-08T16:15:05.725+0000][6][gc,marking   ] GC(11) Concurrent Cleanup for Next Mark
[2020-08-08T16:15:05.726+0000][6][gc,marking   ] GC(11) Concurrent Cleanup for Next Mark 1.154ms
[2020-08-08T16:15:05.727+0000][6][gc           ] GC(11) Concurrent Cycle 61.450ms
[2020-08-08T16:15:06.483+0000][6][safepoint    ] Safepoint "ICBufferFull", Time since last: 758337961 ns, Reaching safepoint: 120773 ns, At safepoint: 14404 ns, Total: 135177 ns
[2020-08-08T16:15:07.147+0000][6][safepoint    ] Safepoint "ICBufferFull", Time since last: 663264339 ns, Reaching safepoint: 218779 ns, At safepoint: 4935 ns, Total: 223714 ns
[2020-08-08T16:15:07.809+0000][6][gc,start     ] GC(12) Pause Young (Concurrent Start) (G1 Evacuation Pause)
[2020-08-08T16:15:07.809+0000][6][gc,task      ] GC(12) Using 3 workers of 3 for evacuation
[2020-08-08T16:15:07.810+0000][6][gc,age       ] GC(12) Desired survivor size 20447232 bytes, new threshold 1 (max threshold 15)
[2020-08-08T16:15:07.854+0000][6][gc,age       ] GC(12) Age table with threshold 1 (max threshold 15)
[2020-08-08T16:15:07.855+0000][6][gc,age       ] GC(12) - age   1:    9846552 bytes,    9846552 total
[2020-08-08T16:15:07.855+0000][6][gc,phases    ] GC(12)   Pre Evacuate Collection Set: 0.4ms
[2020-08-08T16:15:07.855+0000][6][gc,phases    ] GC(12)   Merge Heap Roots: 0.1ms
[2020-08-08T16:15:07.855+0000][6][gc,phases    ] GC(12)   Evacuate Collection Set: 40.5ms
[2020-08-08T16:15:07.855+0000][6][gc,phases    ] GC(12)   Post Evacuate Collection Set: 3.6ms
[2020-08-08T16:15:07.856+0000][6][gc,phases    ] GC(12)   Other: 1.2ms
[2020-08-08T16:15:07.856+0000][6][gc,heap      ] GC(12) Eden regions: 268->0(277)
[2020-08-08T16:15:07.856+0000][6][gc,heap      ] GC(12) Survivor regions: 39->10(39)
[2020-08-08T16:15:07.856+0000][6][gc,heap      ] GC(12) Old regions: 5->44
[2020-08-08T16:15:07.856+0000][6][gc,heap      ] GC(12) Archive regions: 2->2
[2020-08-08T16:15:07.856+0000][6][gc,heap      ] GC(12) Humongous regions: 1->1
[2020-08-08T16:15:07.856+0000][6][gc,metaspace ] GC(12) Metaspace: 53029K(57880K)->53029K(57880K) NonClass: 45768K(48792K)->45768K(48792K) Class: 7261K(9088K)->7261K(9088K)
[2020-08-08T16:15:07.857+0000][6][gc           ] GC(12) Pause Young (Concurrent Start) (G1 Evacuation Pause) 313M->55M(512M) 47.541ms
[2020-08-08T16:15:07.857+0000][6][gc,cpu       ] GC(12) User=0.08s Sys=0.00s Real=0.05s
[2020-08-08T16:15:07.857+0000][6][safepoint    ] Safepoint "G1CollectForAllocation", Time since last: 661480192 ns, Reaching safepoint: 659186 ns, At safepoint: 47837757 ns, Total: 48496943 ns
[2020-08-08T16:15:07.857+0000][6][gc           ] GC(13) Concurrent Cycle
[2020-08-08T16:15:07.860+0000][6][gc,marking   ] GC(13) Concurrent Clear Claimed Marks
[2020-08-08T16:15:07.860+0000][6][gc,marking   ] GC(13) Concurrent Clear Claimed Marks 0.433ms
[2020-08-08T16:15:07.863+0000][6][gc,marking   ] GC(13) Concurrent Scan Root Regions
[2020-08-08T16:15:07.905+0000][6][gc,marking   ] GC(13) Concurrent Scan Root Regions 42.729ms
[2020-08-08T16:15:07.906+0000][6][gc,marking   ] GC(13) Concurrent Mark (8.046s)
[2020-08-08T16:15:07.906+0000][6][gc,marking   ] GC(13) Concurrent Mark From Roots
[2020-08-08T16:15:07.906+0000][6][gc,task      ] GC(13) Using 1 workers of 1 for marking
[2020-08-08T16:15:07.912+0000][6][gc,marking   ] GC(13) Concurrent Mark From Roots 6.566ms
[2020-08-08T16:15:07.913+0000][6][gc,marking   ] GC(13) Concurrent Preclean
[2020-08-08T16:15:07.913+0000][6][gc,marking   ] GC(13) Concurrent Preclean 0.321ms
[2020-08-08T16:15:07.913+0000][6][gc,marking   ] GC(13) Concurrent Mark (8.046s, 8.054s) 7.710ms
[2020-08-08T16:15:07.924+0000][6][gc,start     ] GC(13) Pause Remark
[2020-08-08T16:15:07.933+0000][6][gc           ] GC(13) Pause Remark 58M->58M(512M) 9.038ms
[2020-08-08T16:15:07.933+0000][6][gc,cpu       ] GC(13) User=0.02s Sys=0.00s Real=0.01s
[2020-08-08T16:15:07.933+0000][6][safepoint    ] Safepoint "G1Concurrent", Time since last: 57985531 ns, Reaching safepoint: 8655829 ns, At safepoint: 9542445 ns, Total: 18198274 ns
[2020-08-08T16:15:07.935+0000][6][gc,marking   ] GC(13) Concurrent Rebuild Remembered Sets
[2020-08-08T16:15:07.985+0000][6][safepoint    ] Safepoint "BulkRevokeBias", Time since last: 51424444 ns, Reaching safepoint: 730534 ns, At safepoint: 88321 ns, Total: 818855 ns
[2020-08-08T16:15:07.995+0000][6][safepoint    ] Safepoint "BulkRevokeBias", Time since last: 9431607 ns, Reaching safepoint: 108319 ns, At safepoint: 78928 ns, Total: 187247 ns
[2020-08-08T16:15:08.003+0000][6][safepoint    ] Safepoint "BulkRevokeBias", Time since last: 6311470 ns, Reaching safepoint: 1820864 ns, At safepoint: 81130 ns, Total: 1901994 ns
[2020-08-08T16:15:08.020+0000][6][gc,marking   ] GC(13) Concurrent Rebuild Remembered Sets 85.516ms
[2020-08-08T16:15:08.022+0000][6][gc,start     ] GC(13) Pause Cleanup
[2020-08-08T16:15:08.022+0000][6][gc           ] GC(13) Pause Cleanup 63M->63M(512M) 0.388ms
[2020-08-08T16:15:08.022+0000][6][gc,cpu       ] GC(13) User=0.00s Sys=0.00s Real=0.00s
[2020-08-08T16:15:08.023+0000][6][safepoint    ] Safepoint "G1Concurrent", Time since last: 18445887 ns, Reaching safepoint: 146518 ns, At safepoint: 846101 ns, Total: 992619 ns
[2020-08-08T16:15:08.023+0000][6][gc,marking   ] GC(13) Concurrent Cleanup for Next Mark
[2020-08-08T16:15:08.024+0000][6][gc,marking   ] GC(13) Concurrent Cleanup for Next Mark 1.118ms
[2020-08-08T16:15:08.024+0000][6][gc           ] GC(13) Concurrent Cycle 167.258ms
[2020-08-08T16:15:08.825+0000][6][safepoint    ] Safepoint "ICBufferFull", Time since last: 800174697 ns, Reaching safepoint: 1109863 ns, At safepoint: 5079 ns, Total: 1114942 ns
[2020-08-08T16:15:08.855+0000][6][safepoint    ] Safepoint "BulkRevokeBias", Time since last: 28914634 ns, Reaching safepoint: 741706 ns, At safepoint: 125153 ns, Total: 866859 ns
[2020-08-08T16:15:09.645+0000][6][safepoint    ] Safepoint "ICBufferFull", Time since last: 790079150 ns, Reaching safepoint: 240458 ns, At safepoint: 15213 ns, Total: 255671 ns
[2020-08-08T16:15:10.163+0000][6][safepoint    ] Safepoint "BulkRevokeBias", Time since last: 517744784 ns, Reaching safepoint: 177057 ns, At safepoint: 298920 ns, Total: 475977 ns
[2020-08-08T16:15:10.171+0000][6][safepoint    ] Safepoint "BulkRevokeBias", Time since last: 7641188 ns, Reaching safepoint: 219922 ns, At safepoint: 207721 ns, Total: 427643 ns
[2020-08-08T16:15:10.454+0000][6][gc,start     ] GC(14) Pause Young (Normal) (G1 Evacuation Pause)
[2020-08-08T16:15:10.454+0000][6][gc,task      ] GC(14) Using 3 workers of 3 for evacuation
[2020-08-08T16:15:10.455+0000][6][gc,age       ] GC(14) Desired survivor size 18874368 bytes, new threshold 15 (max threshold 15)
[2020-08-08T16:15:10.488+0000][6][gc,age       ] GC(14) Age table with threshold 15 (max threshold 15)
[2020-08-08T16:15:10.488+0000][6][gc,age       ] GC(14) - age   1:    8304600 bytes,    8304600 total
[2020-08-08T16:15:10.488+0000][6][gc,age       ] GC(14) - age   2:    9531624 bytes,   17836224 total
[2020-08-08T16:15:10.488+0000][6][gc,phases    ] GC(14)   Pre Evacuate Collection Set: 0.1ms
[2020-08-08T16:15:10.488+0000][6][gc,phases    ] GC(14)   Merge Heap Roots: 0.1ms
[2020-08-08T16:15:10.489+0000][6][gc,phases    ] GC(14)   Evacuate Collection Set: 30.7ms
[2020-08-08T16:15:10.489+0000][6][gc,phases    ] GC(14)   Post Evacuate Collection Set: 1.7ms
[2020-08-08T16:15:10.489+0000][6][gc,phases    ] GC(14)   Other: 1.5ms
[2020-08-08T16:15:10.489+0000][6][gc,heap      ] GC(14) Eden regions: 277->0(275)
[2020-08-08T16:15:10.489+0000][6][gc,heap      ] GC(14) Survivor regions: 10->18(36)
[2020-08-08T16:15:10.489+0000][6][gc,heap      ] GC(14) Old regions: 44->44
[2020-08-08T16:15:10.489+0000][6][gc,heap      ] GC(14) Archive regions: 2->2
[2020-08-08T16:15:10.489+0000][6][gc,heap      ] GC(14) Humongous regions: 1->1
[2020-08-08T16:15:10.490+0000][6][gc,metaspace ] GC(14) Metaspace: 78565K(85144K)->78565K(85144K) NonClass: 67770K(71576K)->67770K(71576K) Class: 10795K(13568K)->10795K(13568K)
[2020-08-08T16:15:10.490+0000][6][gc           ] GC(14) Pause Young (Normal) (G1 Evacuation Pause) 332M->63M(512M) 35.644ms
[2020-08-08T16:15:10.490+0000][6][gc,cpu       ] GC(14) User=0.07s Sys=0.00s Real=0.03s
[2020-08-08T16:15:10.490+0000][6][safepoint    ] Safepoint "G1CollectForAllocation", Time since last: 282653522 ns, Reaching safepoint: 203795 ns, At safepoint: 35962267 ns, Total: 36166062 ns
[2020-08-08T16:15:10.698+0000][6][safepoint    ] Safepoint "BulkRevokeBias", Time since last: 207027676 ns, Reaching safepoint: 276237 ns, At safepoint: 204349 ns, Total: 480586 ns
[2020-08-08T16:15:10.724+0000][6][safepoint    ] Safepoint "BulkRevokeBias", Time since last: 25780722 ns, Reaching safepoint: 174046 ns, At safepoint: 136401 ns, Total: 310447 ns
[2020-08-08T16:15:11.167+0000][6][safepoint    ] Safepoint "ICBufferFull", Time since last: 442798315 ns, Reaching safepoint: 390372 ns, At safepoint: 8050 ns, Total: 398422 ns
[2020-08-08T16:15:11.721+0000][6][safepoint    ] Safepoint "ICBufferFull", Time since last: 553568111 ns, Reaching safepoint: 270795 ns, At safepoint: 20389 ns, Total: 291184 ns
[2020-08-08T16:15:12.098+0000][6][safepoint    ] Safepoint "ICBufferFull", Time since last: 375867569 ns, Reaching safepoint: 1245976 ns, At safepoint: 5711 ns, Total: 1251687 ns
[2020-08-08T16:15:12.467+0000][6][safepoint    ] Safepoint "BulkRevokeBias", Time since last: 368422586 ns, Reaching safepoint: 230360 ns, At safepoint: 184076 ns, Total: 414436 ns
[2020-08-08T16:15:13.467+0000][6][safepoint    ] Safepoint "Cleanup", Time since last: 1000075947 ns, Reaching safepoint: 112102 ns, At safepoint: 13621 ns, Total: 125723 ns
[2020-08-08T16:15:14.536+0000][6][safepoint    ] Safepoint "Cleanup", Time since last: 1068497038 ns, Reaching safepoint: 122484 ns, At safepoint: 4224 ns, Total: 126708 ns
[2020-08-08T16:15:14.577+0000][6][safepoint    ] Safepoint "ICBufferFull", Time since last: 41267412 ns, Reaching safepoint: 167211 ns, At safepoint: 17349 ns, Total: 184560 ns
[2020-08-08T16:15:14.700+0000][6][safepoint    ] Safepoint "BulkRevokeBias", Time since last: 122270513 ns, Reaching safepoint: 245762 ns, At safepoint: 254374 ns, Total: 500136 ns
[2020-08-08T16:15:14.702+0000][6][safepoint    ] Safepoint "BulkRevokeBias", Time since last: 2089330 ns, Reaching safepoint: 168680 ns, At safepoint: 201092 ns, Total: 369772 ns
[2020-08-08T16:15:15.087+0000][6][safepoint    ] Safepoint "BulkRevokeBias", Time since last: 384310521 ns, Reaching safepoint: 410307 ns, At safepoint: 139978 ns, Total: 550285 ns
[2020-08-08T16:15:15.192+0000][6][safepoint    ] Safepoint "BulkRevokeBias", Time since last: 104257174 ns, Reaching safepoint: 101308 ns, At safepoint: 143784 ns, Total: 245092 ns
[2020-08-08T16:15:16.858+0000][6][safepoint    ] Safepoint "Cleanup", Time since last: 1665854135 ns, Reaching safepoint: 237000 ns, At safepoint: 20356 ns, Total: 257356 ns
[2020-08-08T16:15:17.859+0000][6][safepoint    ] Safepoint "Cleanup", Time since last: 1000663888 ns, Reaching safepoint: 254129 ns, At safepoint: 17689 ns, Total: 271818 ns
[2020-08-08T16:15:18.859+0000][6][safepoint    ] Safepoint "Cleanup", Time since last: 1000669635 ns, Reaching safepoint: 126807 ns, At safepoint: 18512 ns, Total: 145319 ns
[2020-08-08T16:15:23.861+0000][6][safepoint    ] Safepoint "Cleanup", Time since last: 5001400570 ns, Reaching safepoint: 115657 ns, At safepoint: 4987 ns, Total: 120644 ns
[2020-08-08T16:15:24.862+0000][6][safepoint    ] Safepoint "Cleanup", Time since last: 1000654868 ns, Reaching safepoint: 120962 ns, At safepoint: 4822 ns, Total: 125784 ns
[2020-08-08T16:15:28.559+0000][6][safepoint    ] Safepoint "Cleanup", Time since last: 3697182728 ns, Reaching safepoint: 86832 ns, At safepoint: 2310 ns, Total: 89142 ns
[2020-08-08T16:15:31.248+0000][6][safepoint    ] Safepoint "Cleanup", Time since last: 2688173968 ns, Reaching safepoint: 382557 ns, At safepoint: 3584 ns, Total: 386141 ns
[2020-08-08T16:15:31.811+0000][6][safepoint    ] Safepoint "ICBufferFull", Time since last: 563069491 ns, Reaching safepoint: 287162 ns, At safepoint: 18127 ns, Total: 305289 ns
[2020-08-08T16:15:32.348+0000][6][gc,start     ] GC(15) Pause Young (Normal) (G1 Evacuation Pause)
[2020-08-08T16:15:32.348+0000][6][gc,task      ] GC(15) Using 3 workers of 3 for evacuation
[2020-08-08T16:15:32.348+0000][6][gc,age       ] GC(15) Desired survivor size 19398656 bytes, new threshold 15 (max threshold 15)
[2020-08-08T16:15:32.363+0000][6][gc,age       ] GC(15) Age table with threshold 15 (max threshold 15)
[2020-08-08T16:15:32.364+0000][6][gc,age       ] GC(15) - age   1:    5469616 bytes,    5469616 total
[2020-08-08T16:15:32.364+0000][6][gc,age       ] GC(15) - age   2:    7932992 bytes,   13402608 total
[2020-08-08T16:15:32.364+0000][6][gc,age       ] GC(15) - age   3:    9498080 bytes,   22900688 total
[2020-08-08T16:15:32.365+0000][6][gc,phases    ] GC(15)   Pre Evacuate Collection Set: 0.1ms
[2020-08-08T16:15:32.365+0000][6][gc,phases    ] GC(15)   Merge Heap Roots: 0.1ms
[2020-08-08T16:15:32.365+0000][6][gc,phases    ] GC(15)   Evacuate Collection Set: 13.2ms
[2020-08-08T16:15:32.365+0000][6][gc,phases    ] GC(15)   Post Evacuate Collection Set: 1.4ms
[2020-08-08T16:15:32.365+0000][6][gc,phases    ] GC(15)   Other: 1.9ms
[2020-08-08T16:15:32.365+0000][6][gc,heap      ] GC(15) Eden regions: 275->0(271)
[2020-08-08T16:15:32.366+0000][6][gc,heap      ] GC(15) Survivor regions: 18->23(37)
[2020-08-08T16:15:32.366+0000][6][gc,heap      ] GC(15) Old regions: 44->44
[2020-08-08T16:15:32.366+0000][6][gc,heap      ] GC(15) Archive regions: 2->2
[2020-08-08T16:15:32.366+0000][6][gc,heap      ] GC(15) Humongous regions: 7->7
[2020-08-08T16:15:32.366+0000][6][gc,metaspace ] GC(15) Metaspace: 88902K(96152K)->88902K(96152K) NonClass: 76790K(81048K)->76790K(81048K) Class: 12112K(15104K)->12112K(15104K)
[2020-08-08T16:15:32.366+0000][6][gc           ] GC(15) Pause Young (Normal) (G1 Evacuation Pause) 344M->74M(512M) 18.734ms
[2020-08-08T16:15:32.367+0000][6][gc,cpu       ] GC(15) User=0.04s Sys=0.00s Real=0.02s
[2020-08-08T16:15:32.367+0000][6][safepoint    ] Safepoint "G1CollectForAllocation", Time since last: 536300812 ns, Reaching safepoint: 388347 ns, At safepoint: 19081542 ns, Total: 19469889 ns
[2020-08-08T16:15:32.435+0000][6][safepoint    ] Safepoint "BulkRevokeBias", Time since last: 67744507 ns, Reaching safepoint: 352096 ns, At safepoint: 232154 ns, Total: 584250 ns
[2020-08-08T16:15:32.480+0000][6][gc,start     ] GC(16) Pause Young (Concurrent Start) (Metadata GC Threshold)
[2020-08-08T16:15:32.481+0000][6][gc,task      ] GC(16) Using 3 workers of 3 for evacuation
[2020-08-08T16:15:32.481+0000][6][gc,age       ] GC(16) Desired survivor size 19398656 bytes, new threshold 3 (max threshold 15)
[2020-08-08T16:15:32.497+0000][6][gc,age       ] GC(16) Age table with threshold 3 (max threshold 15)
[2020-08-08T16:15:32.497+0000][6][gc,age       ] GC(16) - age   1:     532912 bytes,     532912 total
[2020-08-08T16:15:32.498+0000][6][gc,age       ] GC(16) - age   2:    4994408 bytes,    5527320 total
[2020-08-08T16:15:32.498+0000][6][gc,age       ] GC(16) - age   3:    7930640 bytes,   13457960 total
[2020-08-08T16:15:32.498+0000][6][gc,phases    ] GC(16)   Pre Evacuate Collection Set: 0.5ms
[2020-08-08T16:15:32.498+0000][6][gc,phases    ] GC(16)   Merge Heap Roots: 0.1ms
[2020-08-08T16:15:32.498+0000][6][gc,phases    ] GC(16)   Evacuate Collection Set: 14.3ms
[2020-08-08T16:15:32.498+0000][6][gc,phases    ] GC(16)   Post Evacuate Collection Set: 1.1ms
[2020-08-08T16:15:32.499+0000][6][gc,phases    ] GC(16)   Other: 1.7ms
[2020-08-08T16:15:32.499+0000][6][gc,heap      ] GC(16) Eden regions: 13->0(275)
[2020-08-08T16:15:32.499+0000][6][gc,heap      ] GC(16) Survivor regions: 23->14(37)
[2020-08-08T16:15:32.499+0000][6][gc,heap      ] GC(16) Old regions: 44->53
[2020-08-08T16:15:32.499+0000][6][gc,heap      ] GC(16) Archive regions: 2->2
[2020-08-08T16:15:32.499+0000][6][gc,heap      ] GC(16) Humongous regions: 7->7
[2020-08-08T16:15:32.500+0000][6][gc,metaspace ] GC(16) Metaspace: 89793K(97320K)->89793K(97320K) NonClass: 77528K(81960K)->77528K(81960K) Class: 12265K(15360K)->12265K(15360K)
[2020-08-08T16:15:32.500+0000][6][gc           ] GC(16) Pause Young (Concurrent Start) (Metadata GC Threshold) 86M->74M(512M) 19.416ms
[2020-08-08T16:15:32.500+0000][6][gc,cpu       ] GC(16) User=0.05s Sys=0.01s Real=0.02s
[2020-08-08T16:15:32.500+0000][6][gc           ] GC(17) Concurrent Cycle
[2020-08-08T16:15:32.500+0000][6][safepoint    ] Safepoint "CollectForMetadataAllocation", Time since last: 44982525 ns, Reaching safepoint: 258900 ns, At safepoint: 20012511 ns, Total: 20271411 ns
[2020-08-08T16:15:32.500+0000][6][gc,marking   ] GC(17) Concurrent Clear Claimed Marks
[2020-08-08T16:15:32.505+0000][6][gc,marking   ] GC(17) Concurrent Clear Claimed Marks 4.817ms
[2020-08-08T16:15:32.506+0000][6][gc,marking   ] GC(17) Concurrent Scan Root Regions
[2020-08-08T16:15:32.515+0000][6][safepoint    ] Safepoint "BulkRevokeBias", Time since last: 14340658 ns, Reaching safepoint: 382658 ns, At safepoint: 382877 ns, Total: 765535 ns
[2020-08-08T16:15:32.547+0000][6][gc,marking   ] GC(17) Concurrent Scan Root Regions 41.492ms
[2020-08-08T16:15:32.547+0000][6][gc,marking   ] GC(17) Concurrent Mark (32.687s)
[2020-08-08T16:15:32.547+0000][6][gc,marking   ] GC(17) Concurrent Mark From Roots
[2020-08-08T16:15:32.548+0000][6][gc,task      ] GC(17) Using 1 workers of 1 for marking
[2020-08-08T16:15:32.610+0000][6][gc,marking   ] GC(17) Concurrent Mark From Roots 62.649ms
[2020-08-08T16:15:32.610+0000][6][gc,marking   ] GC(17) Concurrent Preclean
[2020-08-08T16:15:32.611+0000][6][gc,marking   ] GC(17) Concurrent Preclean 0.490ms
[2020-08-08T16:15:32.611+0000][6][gc,marking   ] GC(17) Concurrent Mark (32.687s, 32.751s) 64.027ms
[2020-08-08T16:15:32.612+0000][6][gc,start     ] GC(17) Pause Remark
[2020-08-08T16:15:32.617+0000][6][gc           ] GC(17) Pause Remark 82M->82M(512M) 5.335ms
[2020-08-08T16:15:32.618+0000][6][gc,cpu       ] GC(17) User=0.01s Sys=0.00s Real=0.00s
[2020-08-08T16:15:32.618+0000][6][safepoint    ] Safepoint "G1Concurrent", Time since last: 96187238 ns, Reaching safepoint: 273899 ns, At safepoint: 5953100 ns, Total: 6226999 ns
[2020-08-08T16:15:32.618+0000][6][gc,marking   ] GC(17) Concurrent Rebuild Remembered Sets
[2020-08-08T16:15:32.672+0000][6][gc,marking   ] GC(17) Concurrent Rebuild Remembered Sets 54.268ms
[2020-08-08T16:15:32.673+0000][6][gc,start     ] GC(17) Pause Cleanup
[2020-08-08T16:15:32.674+0000][6][gc           ] GC(17) Pause Cleanup 83M->83M(512M) 0.366ms
[2020-08-08T16:15:32.674+0000][6][gc,cpu       ] GC(17) User=0.00s Sys=0.00s Real=0.00s
[2020-08-08T16:15:32.674+0000][6][safepoint    ] Safepoint "G1Concurrent", Time since last: 54858761 ns, Reaching safepoint: 659325 ns, At safepoint: 831576 ns, Total: 1490901 ns
[2020-08-08T16:15:32.674+0000][6][gc,marking   ] GC(17) Concurrent Cleanup for Next Mark
[2020-08-08T16:15:32.675+0000][6][gc,marking   ] GC(17) Concurrent Cleanup for Next Mark 0.973ms
[2020-08-08T16:15:32.676+0000][6][gc           ] GC(17) Concurrent Cycle 175.453ms
[2020-08-08T16:15:33.275+0000][6][safepoint    ] Safepoint "ICBufferFull", Time since last: 600754192 ns, Reaching safepoint: 183998 ns, At safepoint: 7179 ns, Total: 191177 ns
[2020-08-08T16:15:34.277+0000][6][safepoint    ] Safepoint "Cleanup", Time since last: 1001121387 ns, Reaching safepoint: 286621 ns, At safepoint: 27540 ns, Total: 314161 ns
[2020-08-08T16:15:34.643+0000][6][safepoint    ] Safepoint "BulkRevokeBias", Time since last: 365237523 ns, Reaching safepoint: 527368 ns, At safepoint: 250665 ns, Total: 778033 ns
[2020-08-08T16:15:34.677+0000][6][safepoint    ] Safepoint "BulkRevokeBias", Time since last: 33629118 ns, Reaching safepoint: 240447 ns, At safepoint: 332993 ns, Total: 573440 ns
[2020-08-08T16:15:35.370+0000][6][safepoint    ] Safepoint "BulkRevokeBias", Time since last: 693177588 ns, Reaching safepoint: 99647 ns, At safepoint: 229716 ns, Total: 329363 ns
[2020-08-08T16:15:35.883+0000][6][safepoint    ] Safepoint "BulkRevokeBias", Time since last: 512783423 ns, Reaching safepoint: 181678 ns, At safepoint: 255008 ns, Total: 436686 ns
[2020-08-08T16:15:36.997+0000][6][safepoint    ] Safepoint "Cleanup", Time since last: 1113812261 ns, Reaching safepoint: 114740 ns, At safepoint: 2683 ns, Total: 117423 ns
[2020-08-08T16:15:37.912+0000][6][safepoint    ] Safepoint "BulkRevokeBias", Time since last: 913777906 ns, Reaching safepoint: 233859 ns, At safepoint: 284883 ns, Total: 518742 ns
[2020-08-08T16:15:38.753+0000][6][safepoint    ] Safepoint "BulkRevokeBias", Time since last: 839839107 ns, Reaching safepoint: 253546 ns, At safepoint: 231115 ns, Total: 484661 ns
[2020-08-08T16:15:39.899+0000][6][safepoint    ] Safepoint "BulkRevokeBias", Time since last: 1145268814 ns, Reaching safepoint: 376645 ns, At safepoint: 268811 ns, Total: 645456 ns
[2020-08-08T16:15:40.787+0000][6][safepoint    ] Safepoint "BulkRevokeBias", Time since last: 887201246 ns, Reaching safepoint: 193468 ns, At safepoint: 290337 ns, Total: 483805 ns
[2020-08-08T16:15:40.799+0000][6][safepoint    ] Safepoint "BulkRevokeBias", Time since last: 12092912 ns, Reaching safepoint: 253225 ns, At safepoint: 230088 ns, Total: 483313 ns
[2020-08-08T16:15:41.109+0000][6][safepoint    ] Safepoint "ICBufferFull", Time since last: 309427993 ns, Reaching safepoint: 828737 ns, At safepoint: 121976 ns, Total: 950713 ns
[2020-08-08T16:15:41.246+0000][6][safepoint    ] Safepoint "BulkRevokeBias", Time since last: 135769090 ns, Reaching safepoint: 211365 ns, At safepoint: 452009 ns, Total: 663374 ns
[2020-08-08T16:15:41.319+0000][6][safepoint    ] Safepoint "BulkRevokeBias", Time since last: 71101317 ns, Reaching safepoint: 209911 ns, At safepoint: 1444535 ns, Total: 1654446 ns
[2020-08-08T16:15:41.486+0000][6][safepoint    ] Safepoint "BulkRevokeBias", Time since last: 166671637 ns, Reaching safepoint: 253371 ns, At safepoint: 295886 ns, Total: 549257 ns
[2020-08-08T16:15:41.521+0000][6][safepoint    ] Safepoint "BulkRevokeBias", Time since last: 32383905 ns, Reaching safepoint: 2324271 ns, At safepoint: 346118 ns, Total: 2670389 ns
[2020-08-08T16:15:41.549+0000][6][gc,start     ] GC(18) Pause Young (Normal) (G1 Evacuation Pause)
[2020-08-08T16:15:41.549+0000][6][gc,task      ] GC(18) Using 3 workers of 3 for evacuation
[2020-08-08T16:15:41.549+0000][6][gc,age       ] GC(18) Desired survivor size 19398656 bytes, new threshold 15 (max threshold 15)
[2020-08-08T16:15:41.570+0000][6][gc,age       ] GC(18) Age table with threshold 15 (max threshold 15)
[2020-08-08T16:15:41.571+0000][6][gc,age       ] GC(18) - age   1:    9825920 bytes,    9825920 total
[2020-08-08T16:15:41.571+0000][6][gc,age       ] GC(18) - age   2:     157552 bytes,    9983472 total
[2020-08-08T16:15:41.571+0000][6][gc,age       ] GC(18) - age   3:    4534912 bytes,   14518384 total
[2020-08-08T16:15:41.571+0000][6][gc,age       ] GC(18) - age   4:    7897800 bytes,   22416184 total
[2020-08-08T16:15:41.572+0000][6][gc,phases    ] GC(18)   Pre Evacuate Collection Set: 0.2ms
[2020-08-08T16:15:41.572+0000][6][gc,phases    ] GC(18)   Merge Heap Roots: 0.2ms
[2020-08-08T16:15:41.572+0000][6][gc,phases    ] GC(18)   Evacuate Collection Set: 18.7ms
[2020-08-08T16:15:41.572+0000][6][gc,phases    ] GC(18)   Post Evacuate Collection Set: 1.6ms
[2020-08-08T16:15:41.572+0000][6][gc,phases    ] GC(18)   Other: 2.0ms
[2020-08-08T16:15:41.573+0000][6][gc,heap      ] GC(18) Eden regions: 275->0(266)
[2020-08-08T16:15:41.573+0000][6][gc,heap      ] GC(18) Survivor regions: 14->23(37)
[2020-08-08T16:15:41.573+0000][6][gc,heap      ] GC(18) Old regions: 53->53
[2020-08-08T16:15:41.573+0000][6][gc,heap      ] GC(18) Archive regions: 2->2
[2020-08-08T16:15:41.573+0000][6][gc,heap      ] GC(18) Humongous regions: 7->7
[2020-08-08T16:15:41.573+0000][6][gc,metaspace ] GC(18) Metaspace: 94410K(102440K)->94410K(102440K) NonClass: 81551K(86312K)->81551K(86312K) Class: 12859K(16128K)->12859K(16128K)
[2020-08-08T16:15:41.573+0000][6][gc           ] GC(18) Pause Young (Normal) (G1 Evacuation Pause) 349M->83M(512M) 24.556ms
[2020-08-08T16:15:41.574+0000][6][gc,cpu       ] GC(18) User=0.04s Sys=0.00s Real=0.03s
[2020-08-08T16:15:41.578+0000][6][safepoint    ] Safepoint "G1CollectForAllocation", Time since last: 27494037 ns, Reaching safepoint: 436673 ns, At safepoint: 28792510 ns, Total: 29229183 ns
[2020-08-08T16:15:42.130+0000][6][safepoint    ] Safepoint "BulkRevokeBias", Time since last: 551866241 ns, Reaching safepoint: 178860 ns, At safepoint: 281732 ns, Total: 460592 ns
[2020-08-08T16:15:43.229+0000][6][safepoint    ] Safepoint "Cleanup", Time since last: 1099208292 ns, Reaching safepoint: 271947 ns, At safepoint: 20289 ns, Total: 292236 ns
[2020-08-08T16:15:44.509+0000][6][safepoint    ] Safepoint "Cleanup", Time since last: 1279694425 ns, Reaching safepoint: 215552 ns, At safepoint: 36696 ns, Total: 252248 ns
[2020-08-08T16:15:45.709+0000][6][safepoint    ] Safepoint "Cleanup", Time since last: 1199511797 ns, Reaching safepoint: 186835 ns, At safepoint: 4358 ns, Total: 191193 ns
[2020-08-08T16:15:46.710+0000][6][safepoint    ] Safepoint "Cleanup", Time since last: 1000665218 ns, Reaching safepoint: 190046 ns, At safepoint: 5157 ns, Total: 195203 ns
[2020-08-08T16:15:47.781+0000][6][safepoint    ] Safepoint "Cleanup", Time since last: 1070621920 ns, Reaching safepoint: 205858 ns, At safepoint: 30294 ns, Total: 236152 ns
[2020-08-08T16:15:48.782+0000][6][safepoint    ] Safepoint "Cleanup", Time since last: 1001325956 ns, Reaching safepoint: 265365 ns, At safepoint: 36880 ns, Total: 302245 ns
[2020-08-08T16:15:49.782+0000][6][safepoint    ] Safepoint "BulkRevokeBias", Time since last: 998993095 ns, Reaching safepoint: 415954 ns, At safepoint: 199424 ns, Total: 615378 ns
[2020-08-08T16:15:52.784+0000][6][safepoint    ] Safepoint "Cleanup", Time since last: 3001595065 ns, Reaching safepoint: 125512 ns, At safepoint: 1882 ns, Total: 127394 ns
[2020-08-08T16:15:53.786+0000][6][safepoint    ] Safepoint "Cleanup", Time since last: 1001838152 ns, Reaching safepoint: 172220 ns, At safepoint: 32001 ns, Total: 204221 ns
[2020-08-08T16:15:54.787+0000][6][safepoint    ] Safepoint "Cleanup", Time since last: 1000623069 ns, Reaching safepoint: 135925 ns, At safepoint: 6039 ns, Total: 141964 ns
[2020-08-08T16:15:55.788+0000][6][safepoint    ] Safepoint "Cleanup", Time since last: 1000670765 ns, Reaching safepoint: 214409 ns, At safepoint: 33284 ns, Total: 247693 ns
[2020-08-08T16:15:56.789+0000][6][safepoint    ] Safepoint "Cleanup", Time since last: 1000987609 ns, Reaching safepoint: 167933 ns, At safepoint: 4116 ns, Total: 172049 ns
[2020-08-08T16:15:58.408+0000][6][safepoint    ] Safepoint "Cleanup", Time since last: 1619401148 ns, Reaching safepoint: 111761 ns, At safepoint: 6148 ns, Total: 117909 ns
[2020-08-08T16:15:59.412+0000][6][safepoint    ] Safepoint "Cleanup", Time since last: 1003825587 ns, Reaching safepoint: 266998 ns, At safepoint: 9944 ns, Total: 276942 ns
[2020-08-08T16:16:00.413+0000][6][safepoint    ] Safepoint "Cleanup", Time since last: 1000473955 ns, Reaching safepoint: 103328 ns, At safepoint: 1762 ns, Total: 105090 ns
[2020-08-08T16:16:01.648+0000][6][safepoint    ] Safepoint "Cleanup", Time since last: 1235455798 ns, Reaching safepoint: 123697 ns, At safepoint: 2404 ns, Total: 126101 ns
[2020-08-08T16:16:01.892+0000][6][safepoint    ] Safepoint "BulkRevokeBias", Time since last: 242657474 ns, Reaching safepoint: 117783 ns, At safepoint: 272446 ns, Total: 390229 ns
[2020-08-08T16:16:03.254+0000][6][safepoint    ] Safepoint "Cleanup", Time since last: 1362073856 ns, Reaching safepoint: 432564 ns, At safepoint: 49085 ns, Total: 481649 ns
[2020-08-08T16:16:04.255+0000][6][safepoint    ] Safepoint "Cleanup", Time since last: 1000791326 ns, Reaching safepoint: 352401 ns, At safepoint: 12359 ns, Total: 364760 ns
[2020-08-08T16:16:05.599+0000][6][safepoint    ] Safepoint "Cleanup", Time since last: 1343022872 ns, Reaching safepoint: 352482 ns, At safepoint: 15361 ns, Total: 367843 ns
[2020-08-08T16:16:06.600+0000][6][safepoint    ] Safepoint "Cleanup", Time since last: 1001464394 ns, Reaching safepoint: 341368 ns, At safepoint: 16999 ns, Total: 358367 ns
[2020-08-08T16:16:08.109+0000][6][safepoint    ] Safepoint "Cleanup", Time since last: 1507629816 ns, Reaching safepoint: 379426 ns, At safepoint: 18020 ns, Total: 397446 ns
[2020-08-08T16:16:09.112+0000][6][safepoint    ] Safepoint "Cleanup", Time since last: 1001927416 ns, Reaching safepoint: 341602 ns, At safepoint: 15204 ns, Total: 356806 ns
[2020-08-08T16:16:10.325+0000][6][safepoint    ] Safepoint "Cleanup", Time since last: 1213374492 ns, Reaching safepoint: 250431 ns, At safepoint: 14138 ns, Total: 264569 ns
[2020-08-08T16:16:11.352+0000][6][safepoint    ] Safepoint "Cleanup", Time since last: 1026065899 ns, Reaching safepoint: 357573 ns, At safepoint: 64847 ns, Total: 422420 ns
[2020-08-08T16:16:12.353+0000][6][safepoint    ] Safepoint "Cleanup", Time since last: 1000784202 ns, Reaching safepoint: 265494 ns, At safepoint: 42391 ns, Total: 307885 ns
[2020-08-08T16:16:13.355+0000][6][safepoint    ] Safepoint "Cleanup", Time since last: 1001569796 ns, Reaching safepoint: 481343 ns, At safepoint: 40793 ns, Total: 522136 ns
[2020-08-08T16:16:14.360+0000][6][safepoint    ] Safepoint "Cleanup", Time since last: 1004254765 ns, Reaching safepoint: 495289 ns, At safepoint: 56266 ns, Total: 551555 ns
[2020-08-08T16:16:15.361+0000][6][safepoint    ] Safepoint "Cleanup", Time since last: 1000744599 ns, Reaching safepoint: 496527 ns, At safepoint: 36793 ns, Total: 533320 ns
[2020-08-08T16:16:16.362+0000][6][safepoint    ] Safepoint "Cleanup", Time since last: 1000707328 ns, Reaching safepoint: 190166 ns, At safepoint: 8277 ns, Total: 198443 ns
[2020-08-08T16:16:17.364+0000][6][safepoint    ] Safepoint "Cleanup", Time since last: 1001272667 ns, Reaching safepoint: 465770 ns, At safepoint: 15606 ns, Total: 481376 ns
[2020-08-08T16:16:18.365+0000][6][safepoint    ] Safepoint "Cleanup", Time since last: 1000876614 ns, Reaching safepoint: 375044 ns, At safepoint: 16803 ns, Total: 391847 ns
[2020-08-08T16:16:19.366+0000][6][safepoint    ] Safepoint "Cleanup", Time since last: 1001069483 ns, Reaching safepoint: 192661 ns, At safepoint: 68887 ns, Total: 261548 ns
[2020-08-08T16:16:20.367+0000][6][safepoint    ] Safepoint "Cleanup", Time since last: 1000697413 ns, Reaching safepoint: 168279 ns, At safepoint: 31677 ns, Total: 199956 ns
[2020-08-08T16:16:21.368+0000][6][safepoint    ] Safepoint "Cleanup", Time since last: 1000528554 ns, Reaching safepoint: 213592 ns, At safepoint: 3241 ns, Total: 216833 ns
[2020-08-08T16:16:22.369+0000][6][safepoint    ] Safepoint "Cleanup", Time since last: 1000778586 ns, Reaching safepoint: 391414 ns, At safepoint: 6477 ns, Total: 397891 ns
[2020-08-08T16:16:23.372+0000][6][safepoint    ] Safepoint "Cleanup", Time since last: 1002723559 ns, Reaching safepoint: 256163 ns, At safepoint: 37938 ns, Total: 294101 ns
[2020-08-08T16:16:24.375+0000][6][safepoint    ] Safepoint "Cleanup", Time since last: 1002238075 ns, Reaching safepoint: 286196 ns, At safepoint: 39774 ns, Total: 325970 ns
[2020-08-08T16:16:25.377+0000][6][safepoint    ] Safepoint "Cleanup", Time since last: 1001795791 ns, Reaching safepoint: 356427 ns, At safepoint: 32397 ns, Total: 388824 ns
[2020-08-08T16:16:26.378+0000][6][safepoint    ] Safepoint "Cleanup", Time since last: 1000584391 ns, Reaching safepoint: 219734 ns, At safepoint: 53162 ns, Total: 272896 ns
[2020-08-08T16:16:27.379+0000][6][safepoint    ] Safepoint "Cleanup", Time since last: 1001262006 ns, Reaching safepoint: 201906 ns, At safepoint: 27349 ns, Total: 229255 ns
[2020-08-08T16:16:29.204+0000][6][safepoint    ] Safepoint "Cleanup", Time since last: 1824408311 ns, Reaching safepoint: 340161 ns, At safepoint: 37723 ns, Total: 377884 ns
[2020-08-08T16:16:30.206+0000][6][safepoint    ] Safepoint "Cleanup", Time since last: 1001647890 ns, Reaching safepoint: 319537 ns, At safepoint: 28117 ns, Total: 347654 ns
[2020-08-08T16:16:31.208+0000][6][safepoint    ] Safepoint "Cleanup", Time since last: 1001495890 ns, Reaching safepoint: 235189 ns, At safepoint: 36306 ns, Total: 271495 ns
[2020-08-08T16:16:32.211+0000][6][safepoint    ] Safepoint "Cleanup", Time since last: 1002702088 ns, Reaching safepoint: 277716 ns, At safepoint: 38555 ns, Total: 316271 ns
[2020-08-08T16:16:33.212+0000][6][safepoint    ] Safepoint "Cleanup", Time since last: 1001162076 ns, Reaching safepoint: 374523 ns, At safepoint: 34618 ns, Total: 409141 ns
[2020-08-08T16:16:34.218+0000][6][safepoint    ] Safepoint "Cleanup", Time since last: 1004851033 ns, Reaching safepoint: 324571 ns, At safepoint: 34602 ns, Total: 359173 ns
[2020-08-08T16:16:35.222+0000][6][safepoint    ] Safepoint "Cleanup", Time since last: 1003846359 ns, Reaching safepoint: 468381 ns, At safepoint: 31969 ns, Total: 500350 ns
[2020-08-08T16:16:36.223+0000][6][safepoint    ] Safepoint "Cleanup", Time since last: 1000608945 ns, Reaching safepoint: 381417 ns, At safepoint: 35710 ns, Total: 417127 ns
[2020-08-08T16:16:37.225+0000][6][safepoint    ] Safepoint "Cleanup", Time since last: 1001615714 ns, Reaching safepoint: 389670 ns, At safepoint: 26602 ns, Total: 416272 ns
[2020-08-08T16:16:38.227+0000][6][safepoint    ] Safepoint "Cleanup", Time since last: 1000684874 ns, Reaching safepoint: 369610 ns, At safepoint: 56186 ns, Total: 425796 ns
[2020-08-08T16:16:39.231+0000][6][safepoint    ] Safepoint "Cleanup", Time since last: 1003640237 ns, Reaching safepoint: 193062 ns, At safepoint: 27895 ns, Total: 220957 ns
[2020-08-08T16:16:40.234+0000][6][safepoint    ] Safepoint "Cleanup", Time since last: 1002527743 ns, Reaching safepoint: 178074 ns, At safepoint: 19418 ns, Total: 197492 ns
[2020-08-08T16:16:41.238+0000][6][safepoint    ] Safepoint "Cleanup", Time since last: 1003694150 ns, Reaching safepoint: 340395 ns, At safepoint: 31793 ns, Total: 372188 ns
[2020-08-08T16:16:42.239+0000][6][safepoint    ] Safepoint "Cleanup", Time since last: 1000615899 ns, Reaching safepoint: 419093 ns, At safepoint: 7782 ns, Total: 426875 ns
[2020-08-08T16:16:43.240+0000][6][safepoint    ] Safepoint "Cleanup", Time since last: 1000612572 ns, Reaching safepoint: 179786 ns, At safepoint: 4918 ns, Total: 184704 ns
[2020-08-08T16:16:44.241+0000][6][safepoint    ] Safepoint "Cleanup", Time since last: 1000816359 ns, Reaching safepoint: 239224 ns, At safepoint: 13006 ns, Total: 252230 ns
[2020-08-08T16:16:45.244+0000][6][safepoint    ] Safepoint "Cleanup", Time since last: 1002924414 ns, Reaching safepoint: 196123 ns, At safepoint: 4919 ns, Total: 201042 ns
[2020-08-08T16:16:47.240+0000][6][safepoint    ] Safepoint "Cleanup", Time since last: 1995795168 ns, Reaching safepoint: 256862 ns, At safepoint: 11208 ns, Total: 268070 ns
[2020-08-08T16:16:48.556+0000][6][safepoint    ] Safepoint "Cleanup", Time since last: 1316314172 ns, Reaching safepoint: 355659 ns, At safepoint: 28219 ns, Total: 383878 ns
[2020-08-08T16:16:49.557+0000][6][safepoint    ] Safepoint "Cleanup", Time since last: 1000697680 ns, Reaching safepoint: 248581 ns, At safepoint: 11027 ns, Total: 259608 ns
[2020-08-08T16:16:50.558+0000][6][safepoint    ] Safepoint "Cleanup", Time since last: 1000872044 ns, Reaching safepoint: 189517 ns, At safepoint: 4285 ns, Total: 193802 ns
[2020-08-08T16:16:51.562+0000][6][safepoint    ] Safepoint "Cleanup", Time since last: 1002883069 ns, Reaching safepoint: 250673 ns, At safepoint: 3328 ns, Total: 254001 ns
[2020-08-08T16:16:52.607+0000][6][safepoint    ] Safepoint "Cleanup", Time since last: 1045330133 ns, Reaching safepoint: 260861 ns, At safepoint: 10613 ns, Total: 271474 ns
[2020-08-08T16:16:53.630+0000][6][safepoint    ] Safepoint "Cleanup", Time since last: 1022631855 ns, Reaching safepoint: 357228 ns, At safepoint: 36718 ns, Total: 393946 ns
[2020-08-08T16:16:54.678+0000][6][safepoint    ] Safepoint "Cleanup", Time since last: 1047466172 ns, Reaching safepoint: 322132 ns, At safepoint: 11362 ns, Total: 333494 ns
[2020-08-08T16:16:55.707+0000][6][safepoint    ] Safepoint "Cleanup", Time since last: 1028788279 ns, Reaching safepoint: 183966 ns, At safepoint: 28900 ns, Total: 212866 ns
[2020-08-08T16:16:56.712+0000][6][safepoint    ] Safepoint "Cleanup", Time since last: 1004307131 ns, Reaching safepoint: 162850 ns, At safepoint: 27821 ns, Total: 190671 ns
[2020-08-08T16:16:57.715+0000][6][safepoint    ] Safepoint "Cleanup", Time since last: 1003248489 ns, Reaching safepoint: 229148 ns, At safepoint: 34727 ns, Total: 263875 ns
[2020-08-08T16:16:57.771+0000][6][safepoint    ] Safepoint "BulkRevokeBias", Time since last: 55570449 ns, Reaching safepoint: 227553 ns, At safepoint: 257133 ns, Total: 484686 ns
[2020-08-08T16:16:59.067+0000][6][safepoint    ] Safepoint "Cleanup", Time since last: 1296247735 ns, Reaching safepoint: 115089 ns, At safepoint: 2328 ns, Total: 117417 ns
[2020-08-08T16:17:00.883+0000][6][safepoint    ] Safepoint "Cleanup", Time since last: 1815265994 ns, Reaching safepoint: 298163 ns, At safepoint: 13630 ns, Total: 311793 ns
[2020-08-08T16:17:01.908+0000][6][safepoint    ] Safepoint "Cleanup", Time since last: 1025057322 ns, Reaching safepoint: 136474 ns, At safepoint: 1883 ns, Total: 138357 ns
[2020-08-08T16:17:02.910+0000][6][safepoint    ] Safepoint "Cleanup", Time since last: 1001935027 ns, Reaching safepoint: 121122 ns, At safepoint: 2629 ns, Total: 123751 ns
[2020-08-08T16:17:03.077+0000][6][safepoint    ] Safepoint "ICBufferFull", Time since last: 166540736 ns, Reaching safepoint: 360963 ns, At safepoint: 60969 ns, Total: 421932 ns
[2020-08-08T16:17:04.111+0000][6][safepoint    ] Safepoint "Cleanup", Time since last: 1033724019 ns, Reaching safepoint: 349240 ns, At safepoint: 20047 ns, Total: 369287 ns
[2020-08-08T16:17:06.078+0000][6][safepoint    ] Safepoint "Cleanup", Time since last: 1966289942 ns, Reaching safepoint: 422696 ns, At safepoint: 32839 ns, Total: 455535 ns
[2020-08-08T16:17:07.079+0000][6][safepoint    ] Safepoint "Cleanup", Time since last: 1000920219 ns, Reaching safepoint: 277044 ns, At safepoint: 39481 ns, Total: 316525 ns
[2020-08-08T16:17:08.082+0000][6][safepoint    ] Safepoint "Cleanup", Time since last: 1002731398 ns, Reaching safepoint: 365692 ns, At safepoint: 5886 ns, Total: 371578 ns
[2020-08-08T16:17:09.085+0000][6][safepoint    ] Safepoint "Cleanup", Time since last: 1001440173 ns, Reaching safepoint: 281242 ns, At safepoint: 26860 ns, Total: 308102 ns
[2020-08-08T16:17:10.088+0000][6][safepoint    ] Safepoint "Cleanup", Time since last: 1002224230 ns, Reaching safepoint: 309835 ns, At safepoint: 28380 ns, Total: 338215 ns
[2020-08-08T16:17:11.090+0000][6][safepoint    ] Safepoint "Cleanup", Time since last: 1001991907 ns, Reaching safepoint: 203016 ns, At safepoint: 29615 ns, Total: 232631 ns
[2020-08-08T16:17:12.096+0000][6][safepoint    ] Safepoint "Cleanup", Time since last: 1005472500 ns, Reaching safepoint: 219725 ns, At safepoint: 28992 ns, Total: 248717 ns
[2020-08-08T16:17:13.098+0000][6][safepoint    ] Safepoint "Cleanup", Time since last: 1001615588 ns, Reaching safepoint: 404773 ns, At safepoint: 30308 ns, Total: 435081 ns
[2020-08-08T16:17:14.101+0000][6][safepoint    ] Safepoint "Cleanup", Time since last: 1003131895 ns, Reaching safepoint: 382481 ns, At safepoint: 29368 ns, Total: 411849 ns
[2020-08-08T16:17:15.102+0000][6][safepoint    ] Safepoint "Cleanup", Time since last: 1000976164 ns, Reaching safepoint: 108905 ns, At safepoint: 2117 ns, Total: 111022 ns
[2020-08-08T16:17:16.106+0000][6][safepoint    ] Safepoint "Cleanup", Time since last: 1003104194 ns, Reaching safepoint: 177201 ns, At safepoint: 4216 ns, Total: 181417 ns
[2020-08-08T16:17:17.110+0000][6][safepoint    ] Safepoint "Cleanup", Time since last: 1003677415 ns, Reaching safepoint: 228560 ns, At safepoint: 30474 ns, Total: 259034 ns
[2020-08-08T16:17:18.914+0000][6][safepoint    ] Safepoint "Cleanup", Time since last: 1804691953 ns, Reaching safepoint: 217212 ns, At safepoint: 3912 ns, Total: 221124 ns
[2020-08-08T16:17:19.915+0000][6][safepoint    ] Safepoint "Cleanup", Time since last: 1000683622 ns, Reaching safepoint: 148702 ns, At safepoint: 3193 ns, Total: 151895 ns
[2020-08-08T16:17:20.916+0000][6][safepoint    ] Safepoint "Cleanup", Time since last: 1000515155 ns, Reaching safepoint: 199667 ns, At safepoint: 4553 ns, Total: 204220 ns
[2020-08-08T16:17:21.917+0000][6][safepoint    ] Safepoint "Cleanup", Time since last: 1001055425 ns, Reaching safepoint: 200538 ns, At safepoint: 2916 ns, Total: 203454 ns
[2020-08-08T16:17:22.918+0000][6][safepoint    ] Safepoint "Cleanup", Time since last: 1000749090 ns, Reaching safepoint: 204301 ns, At safepoint: 2740 ns, Total: 207041 ns
[2020-08-08T16:17:23.919+0000][6][safepoint    ] Safepoint "Cleanup", Time since last: 1000525032 ns, Reaching safepoint: 110011 ns, At safepoint: 2168 ns, Total: 112179 ns
[2020-08-08T16:17:24.919+0000][6][safepoint    ] Safepoint "Cleanup", Time since last: 1000427220 ns, Reaching safepoint: 140223 ns, At safepoint: 2940 ns, Total: 143163 ns
[2020-08-08T16:17:25.921+0000][6][safepoint    ] Safepoint "Cleanup", Time since last: 1001012799 ns, Reaching safepoint: 182653 ns, At safepoint: 3598 ns, Total: 186251 ns
[2020-08-08T16:17:26.925+0000][6][safepoint    ] Safepoint "Cleanup", Time since last: 1004578753 ns, Reaching safepoint: 164553 ns, At safepoint: 3877 ns, Total: 168430 ns
[2020-08-08T16:17:27.928+0000][6][safepoint    ] Safepoint "Cleanup", Time since last: 1002249627 ns, Reaching safepoint: 148128 ns, At safepoint: 3724 ns, Total: 151852 ns
[2020-08-08T16:17:28.989+0000][6][safepoint    ] Safepoint "Cleanup", Time since last: 1060751875 ns, Reaching safepoint: 424244 ns, At safepoint: 27193 ns, Total: 451437 ns
[2020-08-08T16:17:29.998+0000][6][safepoint    ] Safepoint "Cleanup", Time since last: 1009170622 ns, Reaching safepoint: 163846 ns, At safepoint: 4323 ns, Total: 168169 ns
[2020-08-08T16:17:30.999+0000][6][safepoint    ] Safepoint "Cleanup", Time since last: 1000711203 ns, Reaching safepoint: 220430 ns, At safepoint: 8710 ns, Total: 229140 ns
[2020-08-08T16:17:32.001+0000][6][safepoint    ] Safepoint "Cleanup", Time since last: 1001229849 ns, Reaching safepoint: 164481 ns, At safepoint: 7838 ns, Total: 172319 ns
[2020-08-08T16:17:33.001+0000][6][safepoint    ] Safepoint "Cleanup", Time since last: 1000596480 ns, Reaching safepoint: 124452 ns, At safepoint: 2416 ns, Total: 126868 ns
[2020-08-08T16:17:34.004+0000][6][safepoint    ] Safepoint "Cleanup", Time since last: 1002698841 ns, Reaching safepoint: 234696 ns, At safepoint: 7457 ns, Total: 242153 ns
[2020-08-08T16:17:35.006+0000][6][safepoint    ] Safepoint "Cleanup", Time since last: 1001704328 ns, Reaching safepoint: 242150 ns, At safepoint: 7627 ns, Total: 249777 ns
[2020-08-08T16:17:36.007+0000][6][safepoint    ] Safepoint "Cleanup", Time since last: 1000911091 ns, Reaching safepoint: 173953 ns, At safepoint: 3120 ns, Total: 177073 ns
[2020-08-08T16:17:37.010+0000][6][safepoint    ] Safepoint "Cleanup", Time since last: 1002062586 ns, Reaching safepoint: 117939 ns, At safepoint: 2264 ns, Total: 120203 ns
[2020-08-08T16:17:38.013+0000][6][safepoint    ] Safepoint "Cleanup", Time since last: 1002827671 ns, Reaching safepoint: 194194 ns, At safepoint: 4148 ns, Total: 198342 ns
[2020-08-08T16:17:38.575+0000][6][gc,start     ] GC(19) Pause Young (Normal) (G1 Evacuation Pause)
[2020-08-08T16:17:38.576+0000][6][gc,task      ] GC(19) Using 3 workers of 3 for evacuation
[2020-08-08T16:17:38.576+0000][6][gc,age       ] GC(19) Desired survivor size 19398656 bytes, new threshold 4 (max threshold 15)
[2020-08-08T16:17:38.604+0000][6][gc,age       ] GC(19) Age table with threshold 4 (max threshold 15)
[2020-08-08T16:17:38.605+0000][6][gc,age       ] GC(19) - age   1:    2605032 bytes,    2605032 total
[2020-08-08T16:17:38.605+0000][6][gc,age       ] GC(19) - age   2:    4397880 bytes,    7002912 total
[2020-08-08T16:17:38.605+0000][6][gc,age       ] GC(19) - age   3:     156304 bytes,    7159216 total
[2020-08-08T16:17:38.605+0000][6][gc,age       ] GC(19) - age   4:    4521632 bytes,   11680848 total
[2020-08-08T16:17:38.606+0000][6][gc,phases    ] GC(19)   Pre Evacuate Collection Set: 0.1ms
[2020-08-08T16:17:38.606+0000][6][gc,phases    ] GC(19)   Merge Heap Roots: 0.1ms
[2020-08-08T16:17:38.606+0000][6][gc,phases    ] GC(19)   Evacuate Collection Set: 26.9ms
[2020-08-08T16:17:38.606+0000][6][gc,phases    ] GC(19)   Post Evacuate Collection Set: 1.2ms
[2020-08-08T16:17:38.606+0000][6][gc,phases    ] GC(19)   Other: 2.1ms
[2020-08-08T16:17:38.606+0000][6][gc,heap      ] GC(19) Eden regions: 266->0(274)
[2020-08-08T16:17:38.607+0000][6][gc,heap      ] GC(19) Survivor regions: 23->12(37)
[2020-08-08T16:17:38.607+0000][6][gc,heap      ] GC(19) Old regions: 53->61
[2020-08-08T16:17:38.607+0000][6][gc,heap      ] GC(19) Archive regions: 2->2
[2020-08-08T16:17:38.607+0000][6][gc,heap      ] GC(19) Humongous regions: 7->7
[2020-08-08T16:17:38.607+0000][6][gc,metaspace ] GC(19) Metaspace: 97742K(106024K)->97742K(106024K) NonClass: 84635K(89640K)->84635K(89640K) Class: 13106K(16384K)->13106K(16384K)
[2020-08-08T16:17:38.607+0000][6][gc           ] GC(19) Pause Young (Normal) (G1 Evacuation Pause) 349M->80M(512M) 32.143ms
[2020-08-08T16:17:38.608+0000][6][gc,cpu       ] GC(19) User=0.03s Sys=0.00s Real=0.03s
[2020-08-08T16:17:38.608+0000][6][safepoint    ] Safepoint "G1CollectForAllocation", Time since last: 555043482 ns, Reaching safepoint: 101778 ns, At safepoint: 32536554 ns, Total: 32638332 ns
[2020-08-08T16:17:39.611+0000][6][safepoint    ] Safepoint "Cleanup", Time since last: 1003092194 ns, Reaching safepoint: 159005 ns, At safepoint: 6276 ns, Total: 165281 ns
[2020-08-08T16:17:40.612+0000][6][safepoint    ] Safepoint "Cleanup", Time since last: 1000529848 ns, Reaching safepoint: 125140 ns, At safepoint: 2761 ns, Total: 127901 ns
[2020-08-08T16:17:41.612+0000][6][safepoint    ] Safepoint "Cleanup", Time since last: 1000520719 ns, Reaching safepoint: 135351 ns, At safepoint: 4067 ns, Total: 139418 ns
[2020-08-08T16:17:42.613+0000][6][safepoint    ] Safepoint "Cleanup", Time since last: 1000602795 ns, Reaching safepoint: 214235 ns, At safepoint: 3854 ns, Total: 218089 ns
[2020-08-08T16:17:43.615+0000][6][safepoint    ] Safepoint "Cleanup", Time since last: 1001303835 ns, Reaching safepoint: 158360 ns, At safepoint: 4852 ns, Total: 163212 ns
[2020-08-08T16:17:44.616+0000][6][safepoint    ] Safepoint "Cleanup", Time since last: 1001522896 ns, Reaching safepoint: 167804 ns, At safepoint: 9200 ns, Total: 177004 ns
[2020-08-08T16:17:45.618+0000][6][safepoint    ] Safepoint "Cleanup", Time since last: 1001550339 ns, Reaching safepoint: 279355 ns, At safepoint: 5014 ns, Total: 284369 ns
[2020-08-08T16:17:46.619+0000][6][safepoint    ] Safepoint "Cleanup", Time since last: 1000981726 ns, Reaching safepoint: 238907 ns, At safepoint: 8523 ns, Total: 247430 ns
[2020-08-08T16:17:47.621+0000][6][safepoint    ] Safepoint "Cleanup", Time since last: 1001341844 ns, Reaching safepoint: 159405 ns, At safepoint: 3398 ns, Total: 162803 ns
[2020-08-08T16:17:48.622+0000][6][safepoint    ] Safepoint "Cleanup", Time since last: 1000858070 ns, Reaching safepoint: 121566 ns, At safepoint: 2278 ns, Total: 123844 ns
[2020-08-08T16:17:49.623+0000][6][safepoint    ] Safepoint "Cleanup", Time since last: 1000546343 ns, Reaching safepoint: 136794 ns, At safepoint: 3157 ns, Total: 139951 ns
[2020-08-08T16:17:50.623+0000][6][safepoint    ] Safepoint "Cleanup", Time since last: 1000636287 ns, Reaching safepoint: 209962 ns, At safepoint: 4864 ns, Total: 214826 ns
[2020-08-08T16:17:51.624+0000][6][safepoint    ] Safepoint "Cleanup", Time since last: 1000878126 ns, Reaching safepoint: 173098 ns, At safepoint: 4093 ns, Total: 177191 ns
[2020-08-08T16:17:52.626+0000][6][safepoint    ] Safepoint "Cleanup", Time since last: 1001171986 ns, Reaching safepoint: 128553 ns, At safepoint: 3414 ns, Total: 131967 ns
[2020-08-08T16:17:53.629+0000][6][safepoint    ] Safepoint "Cleanup", Time since last: 1002642449 ns, Reaching safepoint: 130746 ns, At safepoint: 2522 ns, Total: 133268 ns
[2020-08-08T16:17:54.631+0000][6][safepoint    ] Safepoint "Cleanup", Time since last: 1002626913 ns, Reaching safepoint: 184741 ns, At safepoint: 4411 ns, Total: 189152 ns
[2020-08-08T16:17:55.633+0000][6][safepoint    ] Safepoint "Cleanup", Time since last: 1001358471 ns, Reaching safepoint: 179352 ns, At safepoint: 7022 ns, Total: 186374 ns
[2020-08-08T16:17:56.637+0000][6][safepoint    ] Safepoint "Cleanup", Time since last: 1003580030 ns, Reaching safepoint: 383840 ns, At safepoint: 11128 ns, Total: 394968 ns
[2020-08-08T16:17:57.643+0000][6][safepoint    ] Safepoint "Cleanup", Time since last: 1005399221 ns, Reaching safepoint: 252049 ns, At safepoint: 11416 ns, Total: 263465 ns
[2020-08-08T16:17:58.645+0000][6][safepoint    ] Safepoint "Cleanup", Time since last: 1001741547 ns, Reaching safepoint: 258926 ns, At safepoint: 10143 ns, Total: 269069 ns
[2020-08-08T16:17:59.645+0000][6][safepoint    ] Safepoint "Cleanup", Time since last: 1000696797 ns, Reaching safepoint: 185104 ns, At safepoint: 4475 ns, Total: 189579 ns
[2020-08-08T16:18:00.647+0000][6][safepoint    ] Safepoint "Cleanup", Time since last: 1001435908 ns, Reaching safepoint: 262673 ns, At safepoint: 4786 ns, Total: 267459 ns
[2020-08-08T16:18:01.648+0000][6][safepoint    ] Safepoint "Cleanup", Time since last: 1000681604 ns, Reaching safepoint: 147986 ns, At safepoint: 6709 ns, Total: 154695 ns
[2020-08-08T16:18:02.312+0000][6][safepoint    ] Safepoint "ICBufferFull", Time since last: 663810111 ns, Reaching safepoint: 222266 ns, At safepoint: 5179 ns, Total: 227445 ns
[2020-08-08T16:18:03.342+0000][6][safepoint    ] Safepoint "Cleanup", Time since last: 1030267484 ns, Reaching safepoint: 149905 ns, At safepoint: 6402 ns, Total: 156307 ns
[2020-08-08T16:18:04.368+0000][6][safepoint    ] Safepoint "Cleanup", Time since last: 1025068886 ns, Reaching safepoint: 327566 ns, At safepoint: 11913 ns, Total: 339479 ns
[2020-08-08T16:18:05.473+0000][6][safepoint    ] Safepoint "Cleanup", Time since last: 1104484717 ns, Reaching safepoint: 335996 ns, At safepoint: 13230 ns, Total: 349226 ns
[2020-08-08T16:18:06.479+0000][6][safepoint    ] Safepoint "Cleanup", Time since last: 1005858038 ns, Reaching safepoint: 323945 ns, At safepoint: 11520 ns, Total: 335465 ns
[2020-08-08T16:18:07.480+0000][6][safepoint    ] Safepoint "Cleanup", Time since last: 1001100656 ns, Reaching safepoint: 289769 ns, At safepoint: 12397 ns, Total: 302166 ns
[2020-08-08T16:18:08.487+0000][6][safepoint    ] Safepoint "Cleanup", Time since last: 1001141513 ns, Reaching safepoint: 303728 ns, At safepoint: 6529 ns, Total: 310257 ns
[2020-08-08T16:18:09.489+0000][6][safepoint    ] Safepoint "Cleanup", Time since last: 1000748411 ns, Reaching safepoint: 308474 ns, At safepoint: 11826 ns, Total: 320300 ns
[2020-08-08T16:18:10.490+0000][6][safepoint    ] Safepoint "Cleanup", Time since last: 1000753392 ns, Reaching safepoint: 235693 ns, At safepoint: 19342 ns, Total: 255035 ns
[2020-08-08T16:18:11.491+0000][6][safepoint    ] Safepoint "Cleanup", Time since last: 1000917809 ns, Reaching safepoint: 319637 ns, At safepoint: 11470 ns, Total: 331107 ns
[2020-08-08T16:18:12.493+0000][6][safepoint    ] Safepoint "Cleanup", Time since last: 1001489901 ns, Reaching safepoint: 306792 ns, At safepoint: 11494 ns, Total: 318286 ns
[2020-08-08T16:18:13.506+0000][6][safepoint    ] Safepoint "Cleanup", Time since last: 1013087053 ns, Reaching safepoint: 495955 ns, At safepoint: 43363 ns, Total: 539318 ns
[2020-08-08T16:18:14.508+0000][6][safepoint    ] Safepoint "Cleanup", Time since last: 1000938824 ns, Reaching safepoint: 538108 ns, At safepoint: 38051 ns, Total: 576159 ns
[2020-08-08T16:18:15.509+0000][6][safepoint    ] Safepoint "Cleanup", Time since last: 1000784320 ns, Reaching safepoint: 281147 ns, At safepoint: 11737 ns, Total: 292884 ns
[2020-08-08T16:18:16.512+0000][6][safepoint    ] Safepoint "Cleanup", Time since last: 1002395129 ns, Reaching safepoint: 480305 ns, At safepoint: 37536 ns, Total: 517841 ns
[2020-08-08T16:18:17.515+0000][6][safepoint    ] Safepoint "Cleanup", Time since last: 1002486139 ns, Reaching safepoint: 464733 ns, At safepoint: 36371 ns, Total: 501104 ns
[2020-08-08T16:18:18.517+0000][6][safepoint    ] Safepoint "Cleanup", Time since last: 1001937612 ns, Reaching safepoint: 414155 ns, At safepoint: 41632 ns, Total: 455787 ns
[2020-08-08T16:18:19.518+0000][6][safepoint    ] Safepoint "Cleanup", Time since last: 1000924052 ns, Reaching safepoint: 361891 ns, At safepoint: 11821 ns, Total: 373712 ns
[2020-08-08T16:18:20.520+0000][6][safepoint    ] Safepoint "Cleanup", Time since last: 1001065336 ns, Reaching safepoint: 309278 ns, At safepoint: 11422 ns, Total: 320700 ns
[2020-08-08T16:18:21.521+0000][6][safepoint    ] Safepoint "Cleanup", Time since last: 1000939105 ns, Reaching safepoint: 196510 ns, At safepoint: 4459 ns, Total: 200969 ns
[2020-08-08T16:18:22.522+0000][6][safepoint    ] Safepoint "Cleanup", Time since last: 1001149543 ns, Reaching safepoint: 168753 ns, At safepoint: 7114 ns, Total: 175867 ns
[2020-08-08T16:18:23.524+0000][6][safepoint    ] Safepoint "Cleanup", Time since last: 1001672950 ns, Reaching safepoint: 228126 ns, At safepoint: 5804 ns, Total: 233930 ns
[2020-08-08T16:18:24.525+0000][6][safepoint    ] Safepoint "Cleanup", Time since last: 1000552356 ns, Reaching safepoint: 117615 ns, At safepoint: 2790 ns, Total: 120405 ns
[2020-08-08T16:18:25.526+0000][6][safepoint    ] Safepoint "Cleanup", Time since last: 1000560794 ns, Reaching safepoint: 161332 ns, At safepoint: 2639 ns, Total: 163971 ns
[2020-08-08T16:18:26.526+0000][6][safepoint    ] Safepoint "Cleanup", Time since last: 1000731695 ns, Reaching safepoint: 181280 ns, At safepoint: 2715 ns, Total: 183995 ns
[2020-08-08T16:18:27.527+0000][6][safepoint    ] Safepoint "Cleanup", Time since last: 1000639590 ns, Reaching safepoint: 151918 ns, At safepoint: 5519 ns, Total: 157437 ns
[2020-08-08T16:18:28.529+0000][6][safepoint    ] Safepoint "Cleanup", Time since last: 1001923594 ns, Reaching safepoint: 197052 ns, At safepoint: 4546 ns, Total: 201598 ns
[2020-08-08T16:18:29.595+0000][6][safepoint    ] Safepoint "Cleanup", Time since last: 1065742712 ns, Reaching safepoint: 189031 ns, At safepoint: 4409 ns, Total: 193440 ns
[2020-08-08T16:18:30.597+0000][6][safepoint    ] Safepoint "Cleanup", Time since last: 1001772486 ns, Reaching safepoint: 271947 ns, At safepoint: 58844 ns, Total: 330791 ns
[2020-08-08T16:18:31.600+0000][6][safepoint    ] Safepoint "Cleanup", Time since last: 1001880336 ns, Reaching safepoint: 218772 ns, At safepoint: 4267 ns, Total: 223039 ns
[2020-08-08T16:18:32.600+0000][6][safepoint    ] Safepoint "Cleanup", Time since last: 1000666902 ns, Reaching safepoint: 178715 ns, At safepoint: 59374 ns, Total: 238089 ns
[2020-08-08T16:18:33.601+0000][6][safepoint    ] Safepoint "Cleanup", Time since last: 1000917193 ns, Reaching safepoint: 128750 ns, At safepoint: 2567 ns, Total: 131317 ns
[2020-08-08T16:18:34.603+0000][6][safepoint    ] Safepoint "Cleanup", Time since last: 1001404957 ns, Reaching safepoint: 175578 ns, At safepoint: 4496 ns, Total: 180074 ns
[2020-08-08T16:18:35.609+0000][6][safepoint    ] Safepoint "Cleanup", Time since last: 1005832451 ns, Reaching safepoint: 234483 ns, At safepoint: 10918 ns, Total: 245401 ns
[2020-08-08T16:18:36.611+0000][6][safepoint    ] Safepoint "Cleanup", Time since last: 1001267703 ns, Reaching safepoint: 220570 ns, At safepoint: 10999 ns, Total: 231569 ns
[2020-08-08T16:18:37.612+0000][6][safepoint    ] Safepoint "Cleanup", Time since last: 1000786306 ns, Reaching safepoint: 246066 ns, At safepoint: 11185 ns, Total: 257251 ns
[2020-08-08T16:18:38.616+0000][6][safepoint    ] Safepoint "Cleanup", Time since last: 1002830008 ns, Reaching safepoint: 180806 ns, At safepoint: 4618 ns, Total: 185424 ns
[2020-08-08T16:18:39.618+0000][6][safepoint    ] Safepoint "Cleanup", Time since last: 1001517817 ns, Reaching safepoint: 275796 ns, At safepoint: 11675 ns, Total: 287471 ns
[2020-08-08T16:18:40.619+0000][6][safepoint    ] Safepoint "Cleanup", Time since last: 1000878001 ns, Reaching safepoint: 223432 ns, At safepoint: 5287 ns, Total: 228719 ns
[2020-08-08T16:18:41.623+0000][6][safepoint    ] Safepoint "Cleanup", Time since last: 1003204197 ns, Reaching safepoint: 254789 ns, At safepoint: 11351 ns, Total: 266140 ns
[2020-08-08T16:18:42.626+0000][6][safepoint    ] Safepoint "Cleanup", Time since last: 1003416223 ns, Reaching safepoint: 197128 ns, At safepoint: 4001 ns, Total: 201129 ns
[2020-08-08T16:18:43.631+0000][6][safepoint    ] Safepoint "Cleanup", Time since last: 1004736306 ns, Reaching safepoint: 214726 ns, At safepoint: 4367 ns, Total: 219093 ns
[2020-08-08T16:18:44.632+0000][6][safepoint    ] Safepoint "Cleanup", Time since last: 1000826880 ns, Reaching safepoint: 291594 ns, At safepoint: 20342 ns, Total: 311936 ns
[2020-08-08T16:18:45.634+0000][6][safepoint    ] Safepoint "Cleanup", Time since last: 1001333975 ns, Reaching safepoint: 278687 ns, At safepoint: 9845 ns, Total: 288532 ns
[2020-08-08T16:18:46.635+0000][6][safepoint    ] Safepoint "Cleanup", Time since last: 1001253284 ns, Reaching safepoint: 85084 ns, At safepoint: 2245 ns, Total: 87329 ns
[2020-08-08T16:18:48.586+0000][6][safepoint    ] Safepoint "Cleanup", Time since last: 1950237917 ns, Reaching safepoint: 175819 ns, At safepoint: 7492 ns, Total: 183311 ns
[2020-08-08T16:18:49.587+0000][6][safepoint    ] Safepoint "Cleanup", Time since last: 1000679054 ns, Reaching safepoint: 244799 ns, At safepoint: 3275 ns, Total: 248074 ns
[2020-08-08T16:18:50.588+0000][6][safepoint    ] Safepoint "Cleanup", Time since last: 1000694050 ns, Reaching safepoint: 174190 ns, At safepoint: 4174 ns, Total: 178364 ns
[2020-08-08T16:18:51.590+0000][6][safepoint    ] Safepoint "Cleanup", Time since last: 1002038731 ns, Reaching safepoint: 226914 ns, At safepoint: 11706 ns, Total: 238620 ns
[2020-08-08T16:18:52.591+0000][6][safepoint    ] Safepoint "Cleanup", Time since last: 1001249190 ns, Reaching safepoint: 124178 ns, At safepoint: 5013 ns, Total: 129191 ns
[2020-08-08T16:18:54.109+0000][6][safepoint    ] Safepoint "Cleanup", Time since last: 1517189133 ns, Reaching safepoint: 461098 ns, At safepoint: 77300 ns, Total: 538398 ns
[2020-08-08T16:18:55.112+0000][6][safepoint    ] Safepoint "Cleanup", Time since last: 1003253603 ns, Reaching safepoint: 113740 ns, At safepoint: 15101 ns, Total: 128841 ns
[2020-08-08T16:18:56.115+0000][6][safepoint    ] Safepoint "Cleanup", Time since last: 1002006833 ns, Reaching safepoint: 289453 ns, At safepoint: 39007 ns, Total: 328460 ns
[2020-08-08T16:18:57.118+0000][6][safepoint    ] Safepoint "Cleanup", Time since last: 1002895457 ns, Reaching safepoint: 120089 ns, At safepoint: 5567 ns, Total: 125656 ns
[2020-08-08T16:18:58.120+0000][6][safepoint    ] Safepoint "Cleanup", Time since last: 1002551566 ns, Reaching safepoint: 160830 ns, At safepoint: 4903 ns, Total: 165733 ns
[2020-08-08T16:18:59.769+0000][6][safepoint    ] Safepoint "Cleanup", Time since last: 1648484396 ns, Reaching safepoint: 321514 ns, At safepoint: 11325 ns, Total: 332839 ns
[2020-08-08T16:19:00.771+0000][6][safepoint    ] Safepoint "Cleanup", Time since last: 1001465798 ns, Reaching safepoint: 172166 ns, At safepoint: 4120 ns, Total: 176286 ns
[2020-08-08T16:19:01.773+0000][6][safepoint    ] Safepoint "Cleanup", Time since last: 1001875195 ns, Reaching safepoint: 233058 ns, At safepoint: 4773 ns, Total: 237831 ns
[2020-08-08T16:19:02.777+0000][6][safepoint    ] Safepoint "Cleanup", Time since last: 1004089863 ns, Reaching safepoint: 191447 ns, At safepoint: 3759 ns, Total: 195206 ns
[2020-08-08T16:19:03.778+0000][6][safepoint    ] Safepoint "Cleanup", Time since last: 1000695012 ns, Reaching safepoint: 178905 ns, At safepoint: 4466 ns, Total: 183371 ns
[2020-08-08T16:19:04.783+0000][6][safepoint    ] Safepoint "Cleanup", Time since last: 1004344589 ns, Reaching safepoint: 245187 ns, At safepoint: 11483 ns, Total: 256670 ns
[2020-08-08T16:19:05.785+0000][6][safepoint    ] Safepoint "Cleanup", Time since last: 1002172924 ns, Reaching safepoint: 232746 ns, At safepoint: 4297 ns, Total: 237043 ns
[2020-08-08T16:19:06.788+0000][6][safepoint    ] Safepoint "Cleanup", Time since last: 1002833221 ns, Reaching safepoint: 263428 ns, At safepoint: 12683 ns, Total: 276111 ns
[2020-08-08T16:19:07.791+0000][6][safepoint    ] Safepoint "Cleanup", Time since last: 1002185883 ns, Reaching safepoint: 183935 ns, At safepoint: 4774 ns, Total: 188709 ns
[2020-08-08T16:19:08.794+0000][6][safepoint    ] Safepoint "Cleanup", Time since last: 1001859290 ns, Reaching safepoint: 184848 ns, At safepoint: 4359 ns, Total: 189207 ns
[2020-08-08T16:19:09.797+0000][6][safepoint    ] Safepoint "Cleanup", Time since last: 1003124519 ns, Reaching safepoint: 236897 ns, At safepoint: 5484 ns, Total: 242381 ns
[2020-08-08T16:19:10.799+0000][6][safepoint    ] Safepoint "Cleanup", Time since last: 1001442955 ns, Reaching safepoint: 126496 ns, At safepoint: 2630 ns, Total: 129126 ns
[2020-08-08T16:19:11.803+0000][6][safepoint    ] Safepoint "Cleanup", Time since last: 1004264977 ns, Reaching safepoint: 231319 ns, At safepoint: 4361 ns, Total: 235680 ns
[2020-08-08T16:19:12.806+0000][6][safepoint    ] Safepoint "Cleanup", Time since last: 1002951672 ns, Reaching safepoint: 185239 ns, At safepoint: 4277 ns, Total: 189516 ns
[2020-08-08T16:19:14.194+0000][6][safepoint    ] Safepoint "Cleanup", Time since last: 1387797275 ns, Reaching safepoint: 227088 ns, At safepoint: 4879 ns, Total: 231967 ns
[2020-08-08T16:19:15.196+0000][6][safepoint    ] Safepoint "Cleanup", Time since last: 1000925141 ns, Reaching safepoint: 242299 ns, At safepoint: 7697 ns, Total: 249996 ns
[2020-08-08T16:19:16.198+0000][6][safepoint    ] Safepoint "Cleanup", Time since last: 1002492063 ns, Reaching safepoint: 234253 ns, At safepoint: 10769 ns, Total: 245022 ns
[2020-08-08T16:19:17.200+0000][6][safepoint    ] Safepoint "Cleanup", Time since last: 1001083368 ns, Reaching safepoint: 165750 ns, At safepoint: 3937 ns, Total: 169687 ns
[2020-08-08T16:19:18.204+0000][6][safepoint    ] Safepoint "Cleanup", Time since last: 1004406463 ns, Reaching safepoint: 164594 ns, At safepoint: 2897 ns, Total: 167491 ns
[2020-08-08T16:19:19.205+0000][6][safepoint    ] Safepoint "Cleanup", Time since last: 1000753063 ns, Reaching safepoint: 174039 ns, At safepoint: 50354 ns, Total: 224393 ns
[2020-08-08T16:19:20.209+0000][6][safepoint    ] Safepoint "Cleanup", Time since last: 1003521601 ns, Reaching safepoint: 189503 ns, At safepoint: 4506 ns, Total: 194009 ns
[2020-08-08T16:19:21.767+0000][6][safepoint    ] Safepoint "Cleanup", Time since last: 1557713777 ns, Reaching safepoint: 173764 ns, At safepoint: 4316 ns, Total: 178080 ns
[2020-08-08T16:19:23.502+0000][6][safepoint    ] Safepoint "Cleanup", Time since last: 1735472648 ns, Reaching safepoint: 197183 ns, At safepoint: 4889 ns, Total: 202072 ns
[2020-08-08T16:19:24.506+0000][6][safepoint    ] Safepoint "Cleanup", Time since last: 1003822415 ns, Reaching safepoint: 183004 ns, At safepoint: 4953 ns, Total: 187957 ns
[2020-08-08T16:19:25.510+0000][6][safepoint    ] Safepoint "Cleanup", Time since last: 1003978099 ns, Reaching safepoint: 152616 ns, At safepoint: 4972 ns, Total: 157588 ns
[2020-08-08T16:19:26.515+0000][6][safepoint    ] Safepoint "Cleanup", Time since last: 1004408795 ns, Reaching safepoint: 227669 ns, At safepoint: 5127 ns, Total: 232796 ns
[2020-08-08T16:19:27.517+0000][6][safepoint    ] Safepoint "Cleanup", Time since last: 1001392985 ns, Reaching safepoint: 267706 ns, At safepoint: 12213 ns, Total: 279919 ns
[2020-08-08T16:19:28.520+0000][6][safepoint    ] Safepoint "Cleanup", Time since last: 1003228035 ns, Reaching safepoint: 187177 ns, At safepoint: 5065 ns, Total: 192242 ns
[2020-08-08T16:19:29.944+0000][6][safepoint    ] Safepoint "Cleanup", Time since last: 1423932925 ns, Reaching safepoint: 179335 ns, At safepoint: 4280 ns, Total: 183615 ns
[2020-08-08T16:19:30.945+0000][6][safepoint    ] Safepoint "Cleanup", Time since last: 1000770655 ns, Reaching safepoint: 257897 ns, At safepoint: 17921 ns, Total: 275818 ns
[2020-08-08T16:19:32.831+0000][6][safepoint    ] Safepoint "Cleanup", Time since last: 1885142870 ns, Reaching safepoint: 124018 ns, At safepoint: 3018 ns, Total: 127036 ns
[2020-08-08T16:19:33.852+0000][6][safepoint    ] Safepoint "Cleanup", Time since last: 1020835657 ns, Reaching safepoint: 128363 ns, At safepoint: 3138 ns, Total: 131501 ns
[2020-08-08T16:19:34.852+0000][6][safepoint    ] Safepoint "Cleanup", Time since last: 1000646514 ns, Reaching safepoint: 93361 ns, At safepoint: 3975 ns, Total: 97336 ns
[2020-08-08T16:19:35.853+0000][6][safepoint    ] Safepoint "Cleanup", Time since last: 1000777766 ns, Reaching safepoint: 112364 ns, At safepoint: 3004 ns, Total: 115368 ns
[2020-08-08T16:19:36.854+0000][6][safepoint    ] Safepoint "Cleanup", Time since last: 1000813878 ns, Reaching safepoint: 155548 ns, At safepoint: 4313 ns, Total: 159861 ns
[2020-08-08T16:19:37.855+0000][6][safepoint    ] Safepoint "Cleanup", Time since last: 1000652834 ns, Reaching safepoint: 251989 ns, At safepoint: 5926 ns, Total: 257915 ns
[2020-08-08T16:19:38.899+0000][6][safepoint    ] Safepoint "Cleanup", Time since last: 1042298464 ns, Reaching safepoint: 197490 ns, At safepoint: 5009 ns, Total: 202499 ns
[2020-08-08T16:19:39.903+0000][6][safepoint    ] Safepoint "Cleanup", Time since last: 1004397555 ns, Reaching safepoint: 189853 ns, At safepoint: 2923 ns, Total: 192776 ns
[2020-08-08T16:19:40.904+0000][6][safepoint    ] Safepoint "Cleanup", Time since last: 1000758248 ns, Reaching safepoint: 112133 ns, At safepoint: 2570 ns, Total: 114703 ns
[2020-08-08T16:19:41.970+0000][6][safepoint    ] Safepoint "Cleanup", Time since last: 1066014307 ns, Reaching safepoint: 306543 ns, At safepoint: 8010 ns, Total: 314553 ns
[2020-08-08T16:19:43.003+0000][6][safepoint    ] Safepoint "BulkRevokeBias", Time since last: 1032169611 ns, Reaching safepoint: 198125 ns, At safepoint: 473862 ns, Total: 671987 ns
[2020-08-08T16:19:44.010+0000][6][safepoint    ] Safepoint "Cleanup", Time since last: 1007010923 ns, Reaching safepoint: 135707 ns, At safepoint: 6026 ns, Total: 141733 ns
[2020-08-08T16:19:45.012+0000][6][safepoint    ] Safepoint "Cleanup", Time since last: 1001213505 ns, Reaching safepoint: 215314 ns, At safepoint: 4894 ns, Total: 220208 ns
[2020-08-08T16:19:46.573+0000][6][safepoint    ] Safepoint "Cleanup", Time since last: 1561406107 ns, Reaching safepoint: 295747 ns, At safepoint: 16290 ns, Total: 312037 ns
[2020-08-08T16:19:47.574+0000][6][safepoint    ] Safepoint "Cleanup", Time since last: 1000550622 ns, Reaching safepoint: 136083 ns, At safepoint: 3352 ns, Total: 139435 ns
[2020-08-08T16:19:48.652+0000][6][safepoint    ] Safepoint "Cleanup", Time since last: 1077718085 ns, Reaching safepoint: 216442 ns, At safepoint: 4492 ns, Total: 220934 ns
[2020-08-08T16:19:49.655+0000][6][safepoint    ] Safepoint "Cleanup", Time since last: 1002619191 ns, Reaching safepoint: 232489 ns, At safepoint: 8605 ns, Total: 241094 ns
[2020-08-08T16:19:50.657+0000][6][safepoint    ] Safepoint "Cleanup", Time since last: 1001759934 ns, Reaching safepoint: 248744 ns, At safepoint: 4636 ns, Total: 253380 ns
[2020-08-08T16:19:51.663+0000][6][safepoint    ] Safepoint "Cleanup", Time since last: 1005773940 ns, Reaching safepoint: 207658 ns, At safepoint: 4675 ns, Total: 212333 ns
[2020-08-08T16:19:52.667+0000][6][safepoint    ] Safepoint "Cleanup", Time since last: 1003463876 ns, Reaching safepoint: 227681 ns, At safepoint: 10804 ns, Total: 238485 ns
[2020-08-08T16:19:53.669+0000][6][safepoint    ] Safepoint "Cleanup", Time since last: 1002009138 ns, Reaching safepoint: 224292 ns, At safepoint: 5711 ns, Total: 230003 ns
[2020-08-08T16:19:54.674+0000][6][safepoint    ] Safepoint "Cleanup", Time since last: 1005040888 ns, Reaching safepoint: 131941 ns, At safepoint: 4521 ns, Total: 136462 ns
[2020-08-08T16:19:55.678+0000][6][safepoint    ] Safepoint "Cleanup", Time since last: 1003305912 ns, Reaching safepoint: 241490 ns, At safepoint: 11740 ns, Total: 253230 ns
[2020-08-08T16:19:56.679+0000][6][safepoint    ] Safepoint "Cleanup", Time since last: 1001169078 ns, Reaching safepoint: 309705 ns, At safepoint: 10478 ns, Total: 320183 ns
[2020-08-08T16:19:58.147+0000][6][safepoint    ] Safepoint "Cleanup", Time since last: 1467771865 ns, Reaching safepoint: 192201 ns, At safepoint: 4283 ns, Total: 196484 ns
[2020-08-08T16:19:59.727+0000][6][gc,start     ] GC(20) Pause Young (Normal) (G1 Evacuation Pause)
[2020-08-08T16:19:59.727+0000][6][gc,task      ] GC(20) Using 3 workers of 3 for evacuation
[2020-08-08T16:19:59.727+0000][6][gc,age       ] GC(20) Desired survivor size 18874368 bytes, new threshold 15 (max threshold 15)
[2020-08-08T16:19:59.743+0000][6][gc,age       ] GC(20) Age table with threshold 15 (max threshold 15)
[2020-08-08T16:19:59.743+0000][6][gc,age       ] GC(20) - age   1:    1802328 bytes,    1802328 total
[2020-08-08T16:19:59.744+0000][6][gc,age       ] GC(20) - age   2:    1986864 bytes,    3789192 total
[2020-08-08T16:19:59.744+0000][6][gc,age       ] GC(20) - age   3:    3929072 bytes,    7718264 total
[2020-08-08T16:19:59.744+0000][6][gc,age       ] GC(20) - age   4:     156288 bytes,    7874552 total
[2020-08-08T16:19:59.745+0000][6][gc,age       ] GC(20) - age   5:    4501144 bytes,   12375696 total
[2020-08-08T16:19:59.745+0000][6][gc,phases    ] GC(20)   Pre Evacuate Collection Set: 0.1ms
[2020-08-08T16:19:59.745+0000][6][gc,phases    ] GC(20)   Merge Heap Roots: 0.1ms
[2020-08-08T16:19:59.745+0000][6][gc,phases    ] GC(20)   Evacuate Collection Set: 14.5ms
[2020-08-08T16:19:59.745+0000][6][gc,phases    ] GC(20)   Post Evacuate Collection Set: 1.3ms
[2020-08-08T16:19:59.746+0000][6][gc,phases    ] GC(20)   Other: 2.5ms
[2020-08-08T16:19:59.746+0000][6][gc,heap      ] GC(20) Eden regions: 274->0(277)
[2020-08-08T16:19:59.746+0000][6][gc,heap      ] GC(20) Survivor regions: 12->13(36)
[2020-08-08T16:19:59.746+0000][6][gc,heap      ] GC(20) Old regions: 61->61
[2020-08-08T16:19:59.746+0000][6][gc,heap      ] GC(20) Archive regions: 2->2
[2020-08-08T16:19:59.747+0000][6][gc,heap      ] GC(20) Humongous regions: 7->7
[2020-08-08T16:19:59.747+0000][6][gc,metaspace ] GC(20) Metaspace: 99391K(107816K)->99391K(107816K) NonClass: 86172K(91176K)->86172K(91176K) Class: 13219K(16640K)->13219K(16640K)
[2020-08-08T16:19:59.747+0000][6][gc           ] GC(20) Pause Young (Normal) (G1 Evacuation Pause) 354M->81M(512M) 20.492ms
[2020-08-08T16:19:59.747+0000][6][gc,cpu       ] GC(20) User=0.03s Sys=0.00s Real=0.02s
[2020-08-08T16:19:59.747+0000][6][safepoint    ] Safepoint "G1CollectForAllocation", Time since last: 1579115774 ns, Reaching safepoint: 281971 ns, At safepoint: 20891834 ns, Total: 21173805 ns
[2020-08-08T16:20:00.792+0000][6][safepoint    ] Safepoint "Cleanup", Time since last: 1044137359 ns, Reaching safepoint: 145999 ns, At safepoint: 4420 ns, Total: 150419 ns
[2020-08-08T16:20:01.823+0000][6][safepoint    ] Safepoint "Cleanup", Time since last: 1030789778 ns, Reaching safepoint: 192334 ns, At safepoint: 36476 ns, Total: 228810 ns
[2020-08-08T16:20:02.982+0000][6][safepoint    ] Safepoint "Cleanup", Time since last: 1159055648 ns, Reaching safepoint: 219406 ns, At safepoint: 4355 ns, Total: 223761 ns
[2020-08-08T16:20:04.177+0000][6][safepoint    ] Safepoint "Cleanup", Time since last: 1194399134 ns, Reaching safepoint: 148812 ns, At safepoint: 27078 ns, Total: 175890 ns
[2020-08-08T16:20:05.178+0000][6][safepoint    ] Safepoint "Cleanup", Time since last: 1000809267 ns, Reaching safepoint: 217486 ns, At safepoint: 6856 ns, Total: 224342 ns
[2020-08-08T16:20:06.181+0000][6][safepoint    ] Safepoint "Cleanup", Time since last: 1003505722 ns, Reaching safepoint: 246687 ns, At safepoint: 13076 ns, Total: 259763 ns
[2020-08-08T16:20:07.187+0000][6][safepoint    ] Safepoint "Cleanup", Time since last: 1005609546 ns, Reaching safepoint: 171855 ns, At safepoint: 5055 ns, Total: 176910 ns
[2020-08-08T16:20:08.189+0000][6][safepoint    ] Safepoint "Cleanup", Time since last: 1000763824 ns, Reaching safepoint: 214499 ns, At safepoint: 5166 ns, Total: 219665 ns
[2020-08-08T16:20:09.191+0000][6][safepoint    ] Safepoint "Cleanup", Time since last: 1001581458 ns, Reaching safepoint: 135249 ns, At safepoint: 5091 ns, Total: 140340 ns
[2020-08-08T16:20:10.193+0000][6][safepoint    ] Safepoint "Cleanup", Time since last: 1002360614 ns, Reaching safepoint: 248444 ns, At safepoint: 22433 ns, Total: 270877 ns
[2020-08-08T16:20:11.379+0000][6][safepoint    ] Safepoint "Cleanup", Time since last: 1185564787 ns, Reaching safepoint: 184666 ns, At safepoint: 4774 ns, Total: 189440 ns
[2020-08-08T16:20:12.385+0000][6][safepoint    ] Safepoint "Cleanup", Time since last: 1005251174 ns, Reaching safepoint: 116481 ns, At safepoint: 2603 ns, Total: 119084 ns
[2020-08-08T16:20:13.387+0000][6][safepoint    ] Safepoint "Cleanup", Time since last: 1002630296 ns, Reaching safepoint: 110144 ns, At safepoint: 2639 ns, Total: 112783 ns
[2020-08-08T16:20:14.390+0000][6][safepoint    ] Safepoint "Cleanup", Time since last: 1002533718 ns, Reaching safepoint: 131854 ns, At safepoint: 2315 ns, Total: 134169 ns
[2020-08-08T16:20:15.391+0000][6][safepoint    ] Safepoint "Cleanup", Time since last: 1001266999 ns, Reaching safepoint: 299017 ns, At safepoint: 10645 ns, Total: 309662 ns
[2020-08-08T16:20:16.393+0000][6][safepoint    ] Safepoint "Cleanup", Time since last: 1001746036 ns, Reaching safepoint: 207070 ns, At safepoint: 4153 ns, Total: 211223 ns
[2020-08-08T16:20:17.398+0000][6][safepoint    ] Safepoint "Cleanup", Time since last: 1004107752 ns, Reaching safepoint: 159503 ns, At safepoint: 2453 ns, Total: 161956 ns
[2020-08-08T16:20:18.399+0000][6][safepoint    ] Safepoint "Cleanup", Time since last: 1001459144 ns, Reaching safepoint: 137762 ns, At safepoint: 3926 ns, Total: 141688 ns
[2020-08-08T16:20:19.402+0000][6][safepoint    ] Safepoint "Cleanup", Time since last: 1002266628 ns, Reaching safepoint: 192354 ns, At safepoint: 3894 ns, Total: 196248 ns
[2020-08-08T16:20:20.406+0000][6][safepoint    ] Safepoint "Cleanup", Time since last: 1004001191 ns, Reaching safepoint: 115362 ns, At safepoint: 2375 ns, Total: 117737 ns
[2020-08-08T16:20:21.407+0000][6][safepoint    ] Safepoint "Cleanup", Time since last: 1001064659 ns, Reaching safepoint: 146613 ns, At safepoint: 3669 ns, Total: 150282 ns
[2020-08-08T16:20:22.409+0000][6][safepoint    ] Safepoint "Cleanup", Time since last: 1001730365 ns, Reaching safepoint: 161515 ns, At safepoint: 3918 ns, Total: 165433 ns
[2020-08-08T16:20:23.414+0000][6][safepoint    ] Safepoint "Cleanup", Time since last: 1004665516 ns, Reaching safepoint: 187973 ns, At safepoint: 2767 ns, Total: 190740 ns
[2020-08-08T16:20:24.415+0000][6][safepoint    ] Safepoint "Cleanup", Time since last: 1000821658 ns, Reaching safepoint: 214556 ns, At safepoint: 3912 ns, Total: 218468 ns
[2020-08-08T16:20:25.416+0000][6][safepoint    ] Safepoint "Cleanup", Time since last: 1001322797 ns, Reaching safepoint: 152856 ns, At safepoint: 3919 ns, Total: 156775 ns
[2020-08-08T16:20:26.418+0000][6][safepoint    ] Safepoint "Cleanup", Time since last: 1001022558 ns, Reaching safepoint: 116540 ns, At safepoint: 2551 ns, Total: 119091 ns
[2020-08-08T16:20:27.423+0000][6][safepoint    ] Safepoint "Cleanup", Time since last: 1005631103 ns, Reaching safepoint: 157029 ns, At safepoint: 4061 ns, Total: 161090 ns
[2020-08-08T16:20:28.424+0000][6][safepoint    ] Safepoint "Cleanup", Time since last: 1000868675 ns, Reaching safepoint: 144853 ns, At safepoint: 2264 ns, Total: 147117 ns
[2020-08-08T16:20:30.293+0000][6][safepoint    ] Safepoint "Cleanup", Time since last: 1868311988 ns, Reaching safepoint: 287729 ns, At safepoint: 10928 ns, Total: 298657 ns
[2020-08-08T16:20:31.294+0000][6][safepoint    ] Safepoint "Cleanup", Time since last: 1000967363 ns, Reaching safepoint: 319103 ns, At safepoint: 60364 ns, Total: 379467 ns
[2020-08-08T16:20:32.296+0000][6][safepoint    ] Safepoint "Cleanup", Time since last: 1001637754 ns, Reaching safepoint: 159419 ns, At safepoint: 3796 ns, Total: 163215 ns
[2020-08-08T16:20:33.297+0000][6][safepoint    ] Safepoint "Cleanup", Time since last: 1000889323 ns, Reaching safepoint: 101474 ns, At safepoint: 2153 ns, Total: 103627 ns
[2020-08-08T16:20:34.299+0000][6][safepoint    ] Safepoint "Cleanup", Time since last: 1001349559 ns, Reaching safepoint: 148193 ns, At safepoint: 3695 ns, Total: 151888 ns
[2020-08-08T16:20:35.301+0000][6][safepoint    ] Safepoint "Cleanup", Time since last: 1002204141 ns, Reaching safepoint: 160850 ns, At safepoint: 3588 ns, Total: 164438 ns
[2020-08-08T16:20:36.302+0000][6][safepoint    ] Safepoint "Cleanup", Time since last: 1000833265 ns, Reaching safepoint: 149782 ns, At safepoint: 4049 ns, Total: 153831 ns
[2020-08-08T16:20:37.875+0000][6][safepoint    ] Safepoint "Cleanup", Time since last: 1572973538 ns, Reaching safepoint: 160455 ns, At safepoint: 3975 ns, Total: 164430 ns
[2020-08-08T16:20:38.879+0000][6][safepoint    ] Safepoint "Cleanup", Time since last: 1002790141 ns, Reaching safepoint: 200796 ns, At safepoint: 10306 ns, Total: 211102 ns
[2020-08-08T16:20:39.882+0000][6][safepoint    ] Safepoint "Cleanup", Time since last: 1002385545 ns, Reaching safepoint: 242268 ns, At safepoint: 11321 ns, Total: 253589 ns
[2020-08-08T16:20:40.883+0000][6][safepoint    ] Safepoint "Cleanup", Time since last: 1001443642 ns, Reaching safepoint: 120424 ns, At safepoint: 2991 ns, Total: 123415 ns
[2020-08-08T16:20:41.936+0000][6][safepoint    ] Safepoint "Cleanup", Time since last: 1052222830 ns, Reaching safepoint: 190502 ns, At safepoint: 4436 ns, Total: 194938 ns
[2020-08-08T16:20:42.937+0000][6][safepoint    ] Safepoint "Cleanup", Time since last: 1000813844 ns, Reaching safepoint: 98807 ns, At safepoint: 16408 ns, Total: 115215 ns
[2020-08-08T16:20:43.938+0000][6][safepoint    ] Safepoint "Cleanup", Time since last: 1000831986 ns, Reaching safepoint: 111386 ns, At safepoint: 18251 ns, Total: 129637 ns
[2020-08-08T16:20:44.938+0000][6][safepoint    ] Safepoint "Cleanup", Time since last: 1000542383 ns, Reaching safepoint: 297668 ns, At safepoint: 32022 ns, Total: 329690 ns
[2020-08-08T16:20:45.941+0000][6][safepoint    ] Safepoint "Cleanup", Time since last: 1002045860 ns, Reaching safepoint: 370796 ns, At safepoint: 29841 ns, Total: 400637 ns
[2020-08-08T16:20:47.897+0000][6][safepoint    ] Safepoint "Cleanup", Time since last: 1955919620 ns, Reaching safepoint: 195625 ns, At safepoint: 4312 ns, Total: 199937 ns
[2020-08-08T16:20:48.899+0000][6][safepoint    ] Safepoint "Cleanup", Time since last: 1001557763 ns, Reaching safepoint: 438179 ns, At safepoint: 5646 ns, Total: 443825 ns
[2020-08-08T16:20:49.901+0000][6][safepoint    ] Safepoint "Cleanup", Time since last: 1002144537 ns, Reaching safepoint: 152891 ns, At safepoint: 3793 ns, Total: 156684 ns
[2020-08-08T16:20:50.935+0000][6][safepoint    ] Safepoint "Cleanup", Time since last: 1033460131 ns, Reaching safepoint: 130133 ns, At safepoint: 2466 ns, Total: 132599 ns
[2020-08-08T16:20:51.936+0000][6][safepoint    ] Safepoint "Cleanup", Time since last: 1001294930 ns, Reaching safepoint: 157771 ns, At safepoint: 4235 ns, Total: 162006 ns
[2020-08-08T16:20:52.940+0000][6][safepoint    ] Safepoint "Cleanup", Time since last: 1003615450 ns, Reaching safepoint: 116304 ns, At safepoint: 2110 ns, Total: 118414 ns
[2020-08-08T16:20:53.941+0000][6][safepoint    ] Safepoint "Cleanup", Time since last: 1000544158 ns, Reaching safepoint: 229429 ns, At safepoint: 4206 ns, Total: 233635 ns
[2020-08-08T16:20:54.944+0000][6][safepoint    ] Safepoint "Cleanup", Time since last: 1003118465 ns, Reaching safepoint: 126017 ns, At safepoint: 2303 ns, Total: 128320 ns
[2020-08-08T16:20:55.947+0000][6][safepoint    ] Safepoint "Cleanup", Time since last: 1003146173 ns, Reaching safepoint: 150547 ns, At safepoint: 3756 ns, Total: 154303 ns
[2020-08-08T16:20:56.950+0000][6][safepoint    ] Safepoint "Cleanup", Time since last: 1002375000 ns, Reaching safepoint: 146878 ns, At safepoint: 3842 ns, Total: 150720 ns
[2020-08-08T16:20:57.952+0000][6][safepoint    ] Safepoint "Cleanup", Time since last: 1001534438 ns, Reaching safepoint: 150269 ns, At safepoint: 4070 ns, Total: 154339 ns
[2020-08-08T16:20:58.956+0000][6][safepoint    ] Safepoint "Cleanup", Time since last: 1004402095 ns, Reaching safepoint: 113381 ns, At safepoint: 2300 ns, Total: 115681 ns
[2020-08-08T16:21:00.466+0000][6][safepoint    ] Safepoint "Cleanup", Time since last: 1509385417 ns, Reaching safepoint: 415479 ns, At safepoint: 11942 ns, Total: 427421 ns
[2020-08-08T16:21:01.468+0000][6][safepoint    ] Safepoint "Cleanup", Time since last: 1001417998 ns, Reaching safepoint: 418908 ns, At safepoint: 17781 ns, Total: 436689 ns
[2020-08-08T16:21:02.470+0000][6][safepoint    ] Safepoint "Cleanup", Time since last: 1001629564 ns, Reaching safepoint: 318430 ns, At safepoint: 17736 ns, Total: 336166 ns
[2020-08-08T16:21:03.476+0000][6][safepoint    ] Safepoint "Cleanup", Time since last: 1005971779 ns, Reaching safepoint: 338270 ns, At safepoint: 14316 ns, Total: 352586 ns
[2020-08-08T16:21:04.477+0000][6][safepoint    ] Safepoint "Cleanup", Time since last: 1000975171 ns, Reaching safepoint: 259415 ns, At safepoint: 9019 ns, Total: 268434 ns
[2020-08-08T16:21:05.750+0000][6][safepoint    ] Safepoint "Cleanup", Time since last: 1271928525 ns, Reaching safepoint: 260043 ns, At safepoint: 6571 ns, Total: 266614 ns
[2020-08-08T16:21:06.751+0000][6][safepoint    ] Safepoint "Cleanup", Time since last: 1000737421 ns, Reaching safepoint: 241026 ns, At safepoint: 6205 ns, Total: 247231 ns
[2020-08-08T16:21:07.752+0000][6][safepoint    ] Safepoint "Cleanup", Time since last: 1001051742 ns, Reaching safepoint: 467132 ns, At safepoint: 12861 ns, Total: 479993 ns
[2020-08-08T16:21:08.756+0000][6][safepoint    ] Safepoint "Cleanup", Time since last: 1003039710 ns, Reaching safepoint: 363337 ns, At safepoint: 11805 ns, Total: 375142 ns
[2020-08-08T16:21:09.758+0000][6][safepoint    ] Safepoint "Cleanup", Time since last: 1001496399 ns, Reaching safepoint: 341176 ns, At safepoint: 12009 ns, Total: 353185 ns
[2020-08-08T16:21:10.762+0000][6][safepoint    ] Safepoint "Cleanup", Time since last: 1003190854 ns, Reaching safepoint: 462685 ns, At safepoint: 11518 ns, Total: 474203 ns
[2020-08-08T16:21:11.765+0000][6][safepoint    ] Safepoint "Cleanup", Time since last: 1002932562 ns, Reaching safepoint: 326962 ns, At safepoint: 11922 ns, Total: 338884 ns
[2020-08-08T16:21:12.766+0000][6][safepoint    ] Safepoint "Cleanup", Time since last: 1000933399 ns, Reaching safepoint: 355756 ns, At safepoint: 16518 ns, Total: 372274 ns
[2020-08-08T16:21:13.769+0000][6][safepoint    ] Safepoint "Cleanup", Time since last: 1002264445 ns, Reaching safepoint: 319965 ns, At safepoint: 12352 ns, Total: 332317 ns
[2020-08-08T16:21:14.994+0000][6][safepoint    ] Safepoint "Cleanup", Time since last: 1225178772 ns, Reaching safepoint: 157069 ns, At safepoint: 7374 ns, Total: 164443 ns
[2020-08-08T16:21:15.030+0000][6][safepoint    ] Safepoint "BulkRevokeBias", Time since last: 34735895 ns, Reaching safepoint: 210952 ns, At safepoint: 264598 ns, Total: 475550 ns
[2020-08-08T16:21:16.031+0000][6][safepoint    ] Safepoint "Cleanup", Time since last: 1000726552 ns, Reaching safepoint: 247101 ns, At safepoint: 6768 ns, Total: 253869 ns
[2020-08-08T16:21:17.032+0000][6][safepoint    ] Safepoint "Cleanup", Time since last: 1001610235 ns, Reaching safepoint: 263206 ns, At safepoint: 6381 ns, Total: 269587 ns
[2020-08-08T16:21:18.036+0000][6][safepoint    ] Safepoint "Cleanup", Time since last: 1002715417 ns, Reaching safepoint: 362681 ns, At safepoint: 16518 ns, Total: 379199 ns
[2020-08-08T16:21:19.037+0000][6][safepoint    ] Safepoint "Cleanup", Time since last: 1000870990 ns, Reaching safepoint: 201047 ns, At safepoint: 6126 ns, Total: 207173 ns
[2020-08-08T16:21:21.028+0000][6][safepoint    ] Safepoint "Cleanup", Time since last: 1990716688 ns, Reaching safepoint: 348409 ns, At safepoint: 17674 ns, Total: 366083 ns
[2020-08-08T16:21:22.029+0000][6][safepoint    ] Safepoint "Cleanup", Time since last: 1000753977 ns, Reaching safepoint: 240631 ns, At safepoint: 8219 ns, Total: 248850 ns
[2020-08-08T16:21:23.030+0000][6][safepoint    ] Safepoint "Cleanup", Time since last: 1000872670 ns, Reaching safepoint: 456255 ns, At safepoint: 11639 ns, Total: 467894 ns
[2020-08-08T16:21:24.031+0000][6][safepoint    ] Safepoint "Cleanup", Time since last: 1000760331 ns, Reaching safepoint: 318683 ns, At safepoint: 10761 ns, Total: 329444 ns
[2020-08-08T16:21:25.033+0000][6][safepoint    ] Safepoint "Cleanup", Time since last: 1001357650 ns, Reaching safepoint: 272751 ns, At safepoint: 13327 ns, Total: 286078 ns
[2020-08-08T16:21:26.035+0000][6][safepoint    ] Safepoint "Cleanup", Time since last: 1002296099 ns, Reaching safepoint: 236807 ns, At safepoint: 15582 ns, Total: 252389 ns
[2020-08-08T16:21:27.036+0000][6][safepoint    ] Safepoint "Cleanup", Time since last: 1000545331 ns, Reaching safepoint: 304252 ns, At safepoint: 3827 ns, Total: 308079 ns
[2020-08-08T16:21:28.038+0000][6][safepoint    ] Safepoint "Cleanup", Time since last: 1001746012 ns, Reaching safepoint: 172008 ns, At safepoint: 4250 ns, Total: 176258 ns
[2020-08-08T16:21:29.041+0000][6][safepoint    ] Safepoint "Cleanup", Time since last: 1002429050 ns, Reaching safepoint: 301561 ns, At safepoint: 28159 ns, Total: 329720 ns
[2020-08-08T16:21:30.642+0000][6][safepoint    ] Safepoint "Cleanup", Time since last: 1600938085 ns, Reaching safepoint: 274353 ns, At safepoint: 10689 ns, Total: 285042 ns
[2020-08-08T16:21:31.644+0000][6][safepoint    ] Safepoint "Cleanup", Time since last: 1001330821 ns, Reaching safepoint: 222462 ns, At safepoint: 5768 ns, Total: 228230 ns
[2020-08-08T16:21:32.645+0000][6][safepoint    ] Safepoint "Cleanup", Time since last: 1001032144 ns, Reaching safepoint: 122592 ns, At safepoint: 2629 ns, Total: 125221 ns
[2020-08-08T16:21:33.649+0000][6][safepoint    ] Safepoint "Cleanup", Time since last: 1004478407 ns, Reaching safepoint: 181427 ns, At safepoint: 4490 ns, Total: 185917 ns
[2020-08-08T16:21:34.652+0000][6][safepoint    ] Safepoint "Cleanup", Time since last: 1002824644 ns, Reaching safepoint: 211617 ns, At safepoint: 4497 ns, Total: 216114 ns
[2020-08-08T16:21:35.653+0000][6][safepoint    ] Safepoint "Cleanup", Time since last: 1000646299 ns, Reaching safepoint: 250138 ns, At safepoint: 12105 ns, Total: 262243 ns
[2020-08-08T16:21:36.656+0000][6][safepoint    ] Safepoint "Cleanup", Time since last: 1002155944 ns, Reaching safepoint: 213159 ns, At safepoint: 3799 ns, Total: 216958 ns
[2020-08-08T16:21:37.657+0000][6][safepoint    ] Safepoint "Cleanup", Time since last: 1001401785 ns, Reaching safepoint: 170810 ns, At safepoint: 4172 ns, Total: 174982 ns
[2020-08-08T16:21:38.659+0000][6][safepoint    ] Safepoint "Cleanup", Time since last: 1000744952 ns, Reaching safepoint: 105733 ns, At safepoint: 2674 ns, Total: 108407 ns
[2020-08-08T16:21:39.660+0000][6][safepoint    ] Safepoint "Cleanup", Time since last: 1000897804 ns, Reaching safepoint: 166060 ns, At safepoint: 3952 ns, Total: 170012 ns
[2020-08-08T16:21:40.661+0000][6][safepoint    ] Safepoint "Cleanup", Time since last: 1000675320 ns, Reaching safepoint: 168126 ns, At safepoint: 28752 ns, Total: 196878 ns
[2020-08-08T16:21:41.663+0000][6][safepoint    ] Safepoint "Cleanup", Time since last: 1002192999 ns, Reaching safepoint: 188917 ns, At safepoint: 3194 ns, Total: 192111 ns
[2020-08-08T16:21:42.666+0000][6][safepoint    ] Safepoint "Cleanup", Time since last: 1002054058 ns, Reaching safepoint: 389504 ns, At safepoint: 4559 ns, Total: 394063 ns
[2020-08-08T16:21:43.667+0000][6][safepoint    ] Safepoint "Cleanup", Time since last: 1000656623 ns, Reaching safepoint: 231930 ns, At safepoint: 11029 ns, Total: 242959 ns
[2020-08-08T16:21:44.668+0000][6][safepoint    ] Safepoint "Cleanup", Time since last: 1000847221 ns, Reaching safepoint: 225557 ns, At safepoint: 10008 ns, Total: 235565 ns
[2020-08-08T16:21:45.670+0000][6][safepoint    ] Safepoint "Cleanup", Time since last: 1001479159 ns, Reaching safepoint: 259640 ns, At safepoint: 6927 ns, Total: 266567 ns
[2020-08-08T16:21:46.673+0000][6][safepoint    ] Safepoint "Cleanup", Time since last: 1002783518 ns, Reaching safepoint: 432899 ns, At safepoint: 6676 ns, Total: 439575 ns
[2020-08-08T16:21:47.674+0000][6][safepoint    ] Safepoint "Cleanup", Time since last: 1000581144 ns, Reaching safepoint: 144275 ns, At safepoint: 3357 ns, Total: 147632 ns
[2020-08-08T16:21:48.675+0000][6][safepoint    ] Safepoint "Cleanup", Time since last: 1000809578 ns, Reaching safepoint: 367329 ns, At safepoint: 10649 ns, Total: 377978 ns
[2020-08-08T16:21:49.677+0000][6][safepoint    ] Safepoint "Cleanup", Time since last: 1001680810 ns, Reaching safepoint: 214176 ns, At safepoint: 5185 ns, Total: 219361 ns
[2020-08-08T16:21:50.679+0000][6][safepoint    ] Safepoint "Cleanup", Time since last: 1001934316 ns, Reaching safepoint: 222761 ns, At safepoint: 11104 ns, Total: 233865 ns
[2020-08-08T16:21:51.680+0000][6][safepoint    ] Safepoint "Cleanup", Time since last: 1000699010 ns, Reaching safepoint: 194167 ns, At safepoint: 4788 ns, Total: 198955 ns
[2020-08-08T16:21:52.682+0000][6][safepoint    ] Safepoint "Cleanup", Time since last: 1001639157 ns, Reaching safepoint: 244103 ns, At safepoint: 5325 ns, Total: 249428 ns
[2020-08-08T16:21:53.684+0000][6][safepoint    ] Safepoint "Cleanup", Time since last: 1002402379 ns, Reaching safepoint: 182019 ns, At safepoint: 4709 ns, Total: 186728 ns
[2020-08-08T16:21:54.687+0000][6][safepoint    ] Safepoint "Cleanup", Time since last: 1002469381 ns, Reaching safepoint: 264213 ns, At safepoint: 11543 ns, Total: 275756 ns
[2020-08-08T16:21:55.693+0000][6][safepoint    ] Safepoint "Cleanup", Time since last: 1005622888 ns, Reaching safepoint: 185598 ns, At safepoint: 5046 ns, Total: 190644 ns
[2020-08-08T16:21:56.694+0000][6][safepoint    ] Safepoint "Cleanup", Time since last: 1000879231 ns, Reaching safepoint: 205393 ns, At safepoint: 4828 ns, Total: 210221 ns
[2020-08-08T16:21:57.696+0000][6][safepoint    ] Safepoint "Cleanup", Time since last: 1001888671 ns, Reaching safepoint: 180592 ns, At safepoint: 4211 ns, Total: 184803 ns
[2020-08-08T16:21:58.697+0000][6][safepoint    ] Safepoint "Cleanup", Time since last: 1000766978 ns, Reaching safepoint: 175513 ns, At safepoint: 4311 ns, Total: 179824 ns
[2020-08-08T16:21:59.700+0000][6][safepoint    ] Safepoint "Cleanup", Time since last: 1003138359 ns, Reaching safepoint: 223237 ns, At safepoint: 11146 ns, Total: 234383 ns
[2020-08-08T16:22:00.813+0000][6][safepoint    ] Safepoint "Cleanup", Time since last: 1112703348 ns, Reaching safepoint: 174786 ns, At safepoint: 4699 ns, Total: 179485 ns
[2020-08-08T16:22:01.816+0000][6][safepoint    ] Safepoint "Cleanup", Time since last: 1002900055 ns, Reaching safepoint: 226376 ns, At safepoint: 10544 ns, Total: 236920 ns
[2020-08-08T16:22:02.817+0000][6][safepoint    ] Safepoint "Cleanup", Time since last: 1000631884 ns, Reaching safepoint: 112267 ns, At safepoint: 2270 ns, Total: 114537 ns
[2020-08-08T16:22:03.818+0000][6][safepoint    ] Safepoint "Cleanup", Time since last: 1000908783 ns, Reaching safepoint: 255724 ns, At safepoint: 11302 ns, Total: 267026 ns
[2020-08-08T16:22:04.820+0000][6][safepoint    ] Safepoint "Cleanup", Time since last: 1001746980 ns, Reaching safepoint: 241969 ns, At safepoint: 11591 ns, Total: 253560 ns
[2020-08-08T16:22:05.821+0000][6][safepoint    ] Safepoint "Cleanup", Time since last: 1000852889 ns, Reaching safepoint: 189706 ns, At safepoint: 8539 ns, Total: 198245 ns
[2020-08-08T16:22:06.823+0000][6][safepoint    ] Safepoint "Cleanup", Time since last: 1001694477 ns, Reaching safepoint: 216641 ns, At safepoint: 10608 ns, Total: 227249 ns
[2020-08-08T16:22:07.825+0000][6][safepoint    ] Safepoint "Cleanup", Time since last: 1001456859 ns, Reaching safepoint: 222960 ns, At safepoint: 11316 ns, Total: 234276 ns
[2020-08-08T16:22:08.827+0000][6][safepoint    ] Safepoint "Cleanup", Time since last: 1001348180 ns, Reaching safepoint: 148305 ns, At safepoint: 5564 ns, Total: 153869 ns
[2020-08-08T16:22:09.828+0000][6][safepoint    ] Safepoint "Cleanup", Time since last: 1000786221 ns, Reaching safepoint: 151764 ns, At safepoint: 6328 ns, Total: 158092 ns
[2020-08-08T16:22:10.831+0000][6][safepoint    ] Safepoint "Cleanup", Time since last: 1002544302 ns, Reaching safepoint: 173334 ns, At safepoint: 7084 ns, Total: 180418 ns
[2020-08-08T16:22:11.833+0000][6][safepoint    ] Safepoint "Cleanup", Time since last: 1002424449 ns, Reaching safepoint: 172512 ns, At safepoint: 6821 ns, Total: 179333 ns
[2020-08-08T16:22:12.836+0000][6][safepoint    ] Safepoint "Cleanup", Time since last: 1002266746 ns, Reaching safepoint: 198601 ns, At safepoint: 2681 ns, Total: 201282 ns
[2020-08-08T16:22:13.839+0000][6][safepoint    ] Safepoint "Cleanup", Time since last: 1002647285 ns, Reaching safepoint: 111624 ns, At safepoint: 2655 ns, Total: 114279 ns
[2020-08-08T16:22:14.841+0000][6][safepoint    ] Safepoint "Cleanup", Time since last: 1002430740 ns, Reaching safepoint: 193201 ns, At safepoint: 6533 ns, Total: 199734 ns
[2020-08-08T16:22:15.845+0000][6][safepoint    ] Safepoint "Cleanup", Time since last: 1003059652 ns, Reaching safepoint: 120216 ns, At safepoint: 2520 ns, Total: 122736 ns
[2020-08-08T16:22:16.846+0000][6][safepoint    ] Safepoint "Cleanup", Time since last: 1000978240 ns, Reaching safepoint: 172572 ns, At safepoint: 4257 ns, Total: 176829 ns
[2020-08-08T16:22:17.847+0000][6][safepoint    ] Safepoint "Cleanup", Time since last: 1001140743 ns, Reaching safepoint: 256163 ns, At safepoint: 10497 ns, Total: 266660 ns
[2020-08-08T16:22:18.848+0000][6][safepoint    ] Safepoint "Cleanup", Time since last: 1000840414 ns, Reaching safepoint: 203706 ns, At safepoint: 4238 ns, Total: 207944 ns
[2020-08-08T16:22:19.850+0000][6][safepoint    ] Safepoint "Cleanup", Time since last: 1001156126 ns, Reaching safepoint: 280109 ns, At safepoint: 7536 ns, Total: 287645 ns
[2020-08-08T16:22:20.851+0000][6][safepoint    ] Safepoint "Cleanup", Time since last: 1000958396 ns, Reaching safepoint: 280494 ns, At safepoint: 50853 ns, Total: 331347 ns
[2020-08-08T16:22:21.853+0000][6][safepoint    ] Safepoint "Cleanup", Time since last: 1001417884 ns, Reaching safepoint: 302906 ns, At safepoint: 11477 ns, Total: 314383 ns
[2020-08-08T16:22:22.855+0000][6][safepoint    ] Safepoint "Cleanup", Time since last: 1001951305 ns, Reaching safepoint: 163679 ns, At safepoint: 4582 ns, Total: 168261 ns
[2020-08-08T16:22:23.855+0000][6][safepoint    ] Safepoint "Cleanup", Time since last: 1000602376 ns, Reaching safepoint: 144253 ns, At safepoint: 2503 ns, Total: 146756 ns
[2020-08-08T16:22:24.857+0000][6][safepoint    ] Safepoint "Cleanup", Time since last: 1001154572 ns, Reaching safepoint: 181496 ns, At safepoint: 4771 ns, Total: 186267 ns
[2020-08-08T16:22:25.859+0000][6][safepoint    ] Safepoint "Cleanup", Time since last: 1001955947 ns, Reaching safepoint: 175748 ns, At safepoint: 4242 ns, Total: 179990 ns
[2020-08-08T16:22:26.860+0000][6][safepoint    ] Safepoint "Cleanup", Time since last: 1000727104 ns, Reaching safepoint: 119452 ns, At safepoint: 2557 ns, Total: 122009 ns
[2020-08-08T16:22:27.861+0000][6][safepoint    ] Safepoint "Cleanup", Time since last: 1001145359 ns, Reaching safepoint: 171109 ns, At safepoint: 4516 ns, Total: 175625 ns
[2020-08-08T16:22:28.864+0000][6][safepoint    ] Safepoint "Cleanup", Time since last: 1002886399 ns, Reaching safepoint: 141631 ns, At safepoint: 3732 ns, Total: 145363 ns
[2020-08-08T16:22:29.866+0000][6][safepoint    ] Safepoint "Cleanup", Time since last: 1001403942 ns, Reaching safepoint: 342128 ns, At safepoint: 16762 ns, Total: 358890 ns
[2020-08-08T16:22:30.981+0000][6][safepoint    ] Safepoint "Cleanup", Time since last: 1115230407 ns, Reaching safepoint: 265962 ns, At safepoint: 11066 ns, Total: 277028 ns
[2020-08-08T16:22:31.983+0000][6][safepoint    ] Safepoint "Cleanup", Time since last: 1001010538 ns, Reaching safepoint: 180590 ns, At safepoint: 4079 ns, Total: 184669 ns
[2020-08-08T16:22:32.985+0000][6][safepoint    ] Safepoint "Cleanup", Time since last: 1002139438 ns, Reaching safepoint: 234501 ns, At safepoint: 10411 ns, Total: 244912 ns
[2020-08-08T16:22:33.987+0000][6][safepoint    ] Safepoint "Cleanup", Time since last: 1001507422 ns, Reaching safepoint: 172529 ns, At safepoint: 4225 ns, Total: 176754 ns
[2020-08-08T16:22:34.988+0000][6][safepoint    ] Safepoint "Cleanup", Time since last: 1000935142 ns, Reaching safepoint: 178996 ns, At safepoint: 4744 ns, Total: 183740 ns
[2020-08-08T16:22:35.989+0000][6][safepoint    ] Safepoint "Cleanup", Time since last: 1001004667 ns, Reaching safepoint: 306756 ns, At safepoint: 18809 ns, Total: 325565 ns
[2020-08-08T16:22:36.723+0000][6][safepoint    ] Safepoint "BulkRevokeBias", Time since last: 733677791 ns, Reaching safepoint: 96851 ns, At safepoint: 226686 ns, Total: 323537 ns
[2020-08-08T16:22:37.741+0000][6][safepoint    ] Safepoint "Cleanup", Time since last: 1017732547 ns, Reaching safepoint: 248247 ns, At safepoint: 10673 ns, Total: 258920 ns
[2020-08-08T16:22:39.672+0000][6][safepoint    ] Safepoint "Cleanup", Time since last: 1929773371 ns, Reaching safepoint: 315867 ns, At safepoint: 29486 ns, Total: 345353 ns
[2020-08-08T16:22:40.673+0000][6][safepoint    ] Safepoint "Cleanup", Time since last: 1000901023 ns, Reaching safepoint: 226110 ns, At safepoint: 10746 ns, Total: 236856 ns
[2020-08-08T16:22:41.675+0000][6][safepoint    ] Safepoint "Cleanup", Time since last: 1001159689 ns, Reaching safepoint: 178683 ns, At safepoint: 4357 ns, Total: 183040 ns
[2020-08-08T16:22:42.676+0000][6][safepoint    ] Safepoint "Cleanup", Time since last: 1000899621 ns, Reaching safepoint: 306146 ns, At safepoint: 30507 ns, Total: 336653 ns
[2020-08-08T16:22:43.677+0000][6][safepoint    ] Safepoint "Cleanup", Time since last: 1001254550 ns, Reaching safepoint: 316671 ns, At safepoint: 27785 ns, Total: 344456 ns
[2020-08-08T16:22:44.679+0000][6][safepoint    ] Safepoint "Cleanup", Time since last: 1001437667 ns, Reaching safepoint: 319789 ns, At safepoint: 28407 ns, Total: 348196 ns
[2020-08-08T16:22:45.681+0000][6][safepoint    ] Safepoint "Cleanup", Time since last: 1001420422 ns, Reaching safepoint: 377055 ns, At safepoint: 33577 ns, Total: 410632 ns
[2020-08-08T16:22:46.682+0000][6][safepoint    ] Safepoint "Cleanup", Time since last: 1000937545 ns, Reaching safepoint: 425559 ns, At safepoint: 30072 ns, Total: 455631 ns
[2020-08-08T16:22:47.684+0000][6][safepoint    ] Safepoint "Cleanup", Time since last: 1000672871 ns, Reaching safepoint: 317562 ns, At safepoint: 29153 ns, Total: 346715 ns
[2020-08-08T16:22:48.684+0000][6][safepoint    ] Safepoint "Cleanup", Time since last: 1000706398 ns, Reaching safepoint: 213463 ns, At safepoint: 15107 ns, Total: 228570 ns
[2020-08-08T16:22:49.686+0000][6][safepoint    ] Safepoint "Cleanup", Time since last: 1000888681 ns, Reaching safepoint: 181055 ns, At safepoint: 3664 ns, Total: 184719 ns
[2020-08-08T16:22:50.686+0000][6][safepoint    ] Safepoint "Cleanup", Time since last: 1000670801 ns, Reaching safepoint: 224290 ns, At safepoint: 4366 ns, Total: 228656 ns
[2020-08-08T16:22:51.688+0000][6][safepoint    ] Safepoint "Cleanup", Time since last: 1001171127 ns, Reaching safepoint: 159213 ns, At safepoint: 3814 ns, Total: 163027 ns
[2020-08-08T16:22:52.694+0000][6][safepoint    ] Safepoint "Cleanup", Time since last: 1005539739 ns, Reaching safepoint: 207411 ns, At safepoint: 30496 ns, Total: 237907 ns
[2020-08-08T16:22:53.695+0000][6][safepoint    ] Safepoint "Cleanup", Time since last: 1001470208 ns, Reaching safepoint: 170870 ns, At safepoint: 38505 ns, Total: 209375 ns
[2020-08-08T16:22:54.696+0000][6][safepoint    ] Safepoint "Cleanup", Time since last: 1000744976 ns, Reaching safepoint: 318936 ns, At safepoint: 77445 ns, Total: 396381 ns
[2020-08-08T16:22:55.698+0000][6][safepoint    ] Safepoint "Cleanup", Time since last: 1001205660 ns, Reaching safepoint: 300327 ns, At safepoint: 30174 ns, Total: 330501 ns
[2020-08-08T16:22:56.699+0000][6][safepoint    ] Safepoint "Cleanup", Time since last: 1000676668 ns, Reaching safepoint: 111104 ns, At safepoint: 2348 ns, Total: 113452 ns
[2020-08-08T16:22:57.701+0000][6][safepoint    ] Safepoint "Cleanup", Time since last: 1001787049 ns, Reaching safepoint: 315287 ns, At safepoint: 3969 ns, Total: 319256 ns
[2020-08-08T16:22:58.702+0000][6][safepoint    ] Safepoint "Cleanup", Time since last: 1000916138 ns, Reaching safepoint: 152067 ns, At safepoint: 32105 ns, Total: 184172 ns
[2020-08-08T16:22:59.703+0000][6][safepoint    ] Safepoint "Cleanup", Time since last: 1000862429 ns, Reaching safepoint: 305802 ns, At safepoint: 25292 ns, Total: 331094 ns
[2020-08-08T16:23:00.706+0000][6][safepoint    ] Safepoint "Cleanup", Time since last: 1002885709 ns, Reaching safepoint: 309562 ns, At safepoint: 71108 ns, Total: 380670 ns
[2020-08-08T16:23:01.707+0000][6][safepoint    ] Safepoint "Cleanup", Time since last: 1000751983 ns, Reaching safepoint: 332777 ns, At safepoint: 30681 ns, Total: 363458 ns
[2020-08-08T16:23:02.711+0000][6][safepoint    ] Safepoint "Cleanup", Time since last: 1003201541 ns, Reaching safepoint: 300037 ns, At safepoint: 31502 ns, Total: 331539 ns
[2020-08-08T16:23:03.712+0000][6][safepoint    ] Safepoint "Cleanup", Time since last: 1000768782 ns, Reaching safepoint: 174582 ns, At safepoint: 4488 ns, Total: 179070 ns
[2020-08-08T16:23:04.713+0000][6][safepoint    ] Safepoint "Cleanup", Time since last: 1000650488 ns, Reaching safepoint: 125590 ns, At safepoint: 2647 ns, Total: 128237 ns
[2020-08-08T16:23:05.713+0000][6][safepoint    ] Safepoint "Cleanup", Time since last: 1000513537 ns, Reaching safepoint: 197893 ns, At safepoint: 20346 ns, Total: 218239 ns
[2020-08-08T16:23:06.714+0000][6][safepoint    ] Safepoint "Cleanup", Time since last: 1000645576 ns, Reaching safepoint: 165959 ns, At safepoint: 5614 ns, Total: 171573 ns
[2020-08-08T16:23:07.716+0000][6][safepoint    ] Safepoint "Cleanup", Time since last: 1001059842 ns, Reaching safepoint: 187666 ns, At safepoint: 4403 ns, Total: 192069 ns
[2020-08-08T16:23:08.718+0000][6][safepoint    ] Safepoint "Cleanup", Time since last: 1000727080 ns, Reaching safepoint: 510717 ns, At safepoint: 12098 ns, Total: 522815 ns
[2020-08-08T16:23:09.719+0000][6][safepoint    ] Safepoint "Cleanup", Time since last: 1000858247 ns, Reaching safepoint: 183607 ns, At safepoint: 4002 ns, Total: 187609 ns
[2020-08-08T16:23:10.720+0000][6][safepoint    ] Safepoint "Cleanup", Time since last: 1000789272 ns, Reaching safepoint: 287258 ns, At safepoint: 19852 ns, Total: 307110 ns
[2020-08-08T16:23:11.722+0000][6][safepoint    ] Safepoint "Cleanup", Time since last: 1001572016 ns, Reaching safepoint: 296030 ns, At safepoint: 30238 ns, Total: 326268 ns
[2020-08-08T16:23:12.726+0000][6][safepoint    ] Safepoint "Cleanup", Time since last: 1004101049 ns, Reaching safepoint: 319987 ns, At safepoint: 29565 ns, Total: 349552 ns
[2020-08-08T16:23:13.730+0000][6][safepoint    ] Safepoint "Cleanup", Time since last: 1003430371 ns, Reaching safepoint: 417227 ns, At safepoint: 34476 ns, Total: 451703 ns
[2020-08-08T16:23:14.732+0000][6][safepoint    ] Safepoint "Cleanup", Time since last: 1001731154 ns, Reaching safepoint: 328417 ns, At safepoint: 30801 ns, Total: 359218 ns
[2020-08-08T16:23:15.733+0000][6][safepoint    ] Safepoint "Cleanup", Time since last: 1000913744 ns, Reaching safepoint: 154005 ns, At safepoint: 2519 ns, Total: 156524 ns
[2020-08-08T16:23:17.593+0000][6][safepoint    ] Safepoint "Cleanup", Time since last: 1860007658 ns, Reaching safepoint: 190738 ns, At safepoint: 4111 ns, Total: 194849 ns
[2020-08-08T16:23:18.595+0000][6][safepoint    ] Safepoint "Cleanup", Time since last: 1001459965 ns, Reaching safepoint: 92788 ns, At safepoint: 2226 ns, Total: 95014 ns
[2020-08-08T16:23:19.596+0000][6][safepoint    ] Safepoint "Cleanup", Time since last: 1000454639 ns, Reaching safepoint: 140603 ns, At safepoint: 15776 ns, Total: 156379 ns
[2020-08-08T16:23:20.040+0000][6][safepoint    ] Safepoint "BulkRevokeBias", Time since last: 443120112 ns, Reaching safepoint: 403403 ns, At safepoint: 1259530 ns, Total: 1662933 ns
[2020-08-08T16:23:20.491+0000][6][safepoint    ] Safepoint "BulkRevokeBias", Time since last: 449948214 ns, Reaching safepoint: 184857 ns, At safepoint: 181519 ns, Total: 366376 ns
[2020-08-08T16:23:20.620+0000][6][safepoint    ] Safepoint "BulkRevokeBias", Time since last: 128698505 ns, Reaching safepoint: 216723 ns, At safepoint: 335670 ns, Total: 552393 ns
[2020-08-08T16:23:20.727+0000][6][gc,heap,exit ] Heap
[2020-08-08T16:23:20.728+0000][6][gc,heap,exit ]  garbage-first heap   total 524288K, used 275991K [0x00000000e0000000, 0x0000000100000000)
[2020-08-08T16:23:20.728+0000][6][gc,heap,exit ]   region size 1024K, 203 young (207872K), 13 survivors (13312K)
[2020-08-08T16:23:20.728+0000][6][gc,heap,exit ]  Metaspace       used 99975K, capacity 108105K, committed 108328K, reserved 1140736K
[2020-08-08T16:23:20.728+0000][6][gc,heap,exit ]   class space    used 13251K, capacity 16567K, committed 16640K, reserved 1048576K
